Component: ARM Compiler 6.9 Tool: armlink [5ced1b00]

==============================================================================

Section Cross References

    startup_stm32f413xx.o(RESET) refers to startup_stm32f413xx.o(STACK) for __initial_sp
    startup_stm32f413xx.o(RESET) refers to startup_stm32f413xx.o(.text) for Reset_Handler
    startup_stm32f413xx.o(RESET) refers to stm32f4xx_it.o(.text.NMI_Handler) for NMI_Handler
    startup_stm32f413xx.o(RESET) refers to stm32f4xx_it.o(.text.HardFault_Handler) for HardFault_Handler
    startup_stm32f413xx.o(RESET) refers to stm32f4xx_it.o(.text.MemManage_Handler) for MemManage_Handler
    startup_stm32f413xx.o(RESET) refers to stm32f4xx_it.o(.text.BusFault_Handler) for BusFault_Handler
    startup_stm32f413xx.o(RESET) refers to stm32f4xx_it.o(.text.UsageFault_Handler) for UsageFault_Handler
    startup_stm32f413xx.o(RESET) refers to stm32f4xx_it.o(.text.SVC_Handler) for SVC_Handler
    startup_stm32f413xx.o(RESET) refers to stm32f4xx_it.o(.text.DebugMon_Handler) for DebugMon_Handler
    startup_stm32f413xx.o(RESET) refers to stm32f4xx_it.o(.text.PendSV_Handler) for PendSV_Handler
    startup_stm32f413xx.o(RESET) refers to stm32f4xx_it.o(.text.SysTick_Handler) for SysTick_Handler
    startup_stm32f413xx.o(RESET) refers to stm32f4xx_it.o(.text.CAN1_RX0_IRQHandler) for CAN1_RX0_IRQHandler
    startup_stm32f413xx.o(RESET) refers to stm32f4xx_it.o(.text.CAN1_RX1_IRQHandler) for CAN1_RX1_IRQHandler
    startup_stm32f413xx.o(RESET) refers to stm32f4xx_it.o(.text.CAN2_RX0_IRQHandler) for CAN2_RX0_IRQHandler
    startup_stm32f413xx.o(RESET) refers to stm32f4xx_it.o(.text.CAN2_RX1_IRQHandler) for CAN2_RX1_IRQHandler
    startup_stm32f413xx.o(RESET) refers to stm32f4xx_it.o(.text.USART6_IRQHandler) for USART6_IRQHandler
    startup_stm32f413xx.o(RESET) refers to stm32f4xx_it.o(.text.UART7_IRQHandler) for UART7_IRQHandler
    startup_stm32f413xx.o(RESET) refers to stm32f4xx_it.o(.text.UART8_IRQHandler) for UART8_IRQHandler
    startup_stm32f413xx.o(.text) refers to system_stm32f4xx.o(.text.SystemInit) for SystemInit
    startup_stm32f413xx.o(.text) refers to entry.o(.ARM.Collect$$$$00000000) for __main
    main.o(.text.main) refers to stm32f4xx_hal.o(.text.HAL_Init) for HAL_Init
    main.o(.text.main) refers to main.o(.text.SystemClock_Config) for SystemClock_Config
    main.o(.text.main) refers to gpio.o(.text.MX_GPIO_Init) for MX_GPIO_Init
    main.o(.text.main) refers to can.o(.text.MX_CAN1_Init) for MX_CAN1_Init
    main.o(.text.main) refers to can.o(.text.MX_CAN2_Init) for MX_CAN2_Init
    main.o(.text.main) refers to usart.o(.text.MX_UART7_Init) for MX_UART7_Init
    main.o(.text.main) refers to usart.o(.text.MX_UART8_Init) for MX_UART8_Init
    main.o(.text.main) refers to usart.o(.text.MX_USART6_UART_Init) for MX_USART6_UART_Init
    main.o(.text.main) refers to can_database.o(.text.Can_start_work) for Can_start_work
    main.o(.text.main) refers to pid.o(.text.Pid_parameter_init) for Pid_parameter_init
    main.o(.text.main) refers to stm32f4xx_hal_uart.o(.text.HAL_UART_Receive_IT) for HAL_UART_Receive_IT
    main.o(.text.main) refers to stm32f4xx_hal.o(.text.HAL_GetTick) for HAL_GetTick
    main.o(.text.main) refers to usart.o(.text.USART_printf) for USART_printf
    main.o(.text.main) refers to dji_motor.o(.text.Change_dji_loc) for Change_dji_loc
    main.o(.text.main) refers to usart.o(.bss.huart7) for huart7
    main.o(.text.main) refers to usart.o(.bss.recv_data) for recv_data
    main.o(.text.main) refers to main.o(.bss.time) for time
    main.o(.ARM.exidx.text.main) refers to main.o(.text.main) for [Anonymous Symbol]
    main.o(.text.SystemClock_Config) refers to memseta.o(.text) for __aeabi_memclr4
    main.o(.text.SystemClock_Config) refers to stm32f4xx_hal_rcc_ex.o(.text.HAL_RCC_OscConfig) for HAL_RCC_OscConfig
    main.o(.text.SystemClock_Config) refers to stm32f4xx_hal_rcc.o(.text.HAL_RCC_ClockConfig) for HAL_RCC_ClockConfig
    main.o(.ARM.exidx.text.SystemClock_Config) refers to main.o(.text.SystemClock_Config) for [Anonymous Symbol]
    main.o(.ARM.exidx.text.Error_Handler) refers to main.o(.text.Error_Handler) for [Anonymous Symbol]
    gpio.o(.text.MX_GPIO_Init) refers to stm32f4xx_hal_gpio.o(.text.HAL_GPIO_WritePin) for HAL_GPIO_WritePin
    gpio.o(.text.MX_GPIO_Init) refers to stm32f4xx_hal_gpio.o(.text.HAL_GPIO_Init) for HAL_GPIO_Init
    gpio.o(.ARM.exidx.text.MX_GPIO_Init) refers to gpio.o(.text.MX_GPIO_Init) for [Anonymous Symbol]
    can.o(.text.MX_CAN1_Init) refers to stm32f4xx_hal_can.o(.text.HAL_CAN_Init) for HAL_CAN_Init
    can.o(.text.MX_CAN1_Init) refers to main.o(.text.Error_Handler) for Error_Handler
    can.o(.text.MX_CAN1_Init) refers to can.o(.bss.hcan1) for hcan1
    can.o(.ARM.exidx.text.MX_CAN1_Init) refers to can.o(.text.MX_CAN1_Init) for [Anonymous Symbol]
    can.o(.text.MX_CAN2_Init) refers to stm32f4xx_hal_can.o(.text.HAL_CAN_Init) for HAL_CAN_Init
[...]
    Removing stm32f4xx_hal_uart.o(.text.HAL_UART_AbortTransmitCpltCallback), (2 bytes).
    Removing stm32f4xx_hal_uart.o(.ARM.exidx.text.HAL_UART_AbortTransmitCpltCallback), (8 bytes).
    Removing stm32f4xx_hal_uart.o(.text.HAL_UART_AbortReceive_IT), (152 bytes).
    Removing stm32f4xx_hal_uart.o(.ARM.exidx.text.HAL_UART_AbortReceive_IT), (8 bytes).
    Removing stm32f4xx_hal_uart.o(.text.UART_DMARxOnlyAbortCallback), (18 bytes).
    Removing stm32f4xx_hal_uart.o(.ARM.exidx.text.UART_DMARxOnlyAbortCallback), (8 bytes).
    Removing stm32f4xx_hal_uart.o(.text.HAL_UART_AbortReceiveCpltCallback), (2 bytes).
    Removing stm32f4xx_hal_uart.o(.ARM.exidx.text.HAL_UART_AbortReceiveCpltCallback), (8 bytes).
    Removing stm32f4xx_hal_uart.o(.ARM.exidx.text.HAL_UART_IRQHandler), (8 bytes).
    Removing stm32f4xx_hal_uart.o(.ARM.exidx.text.UART_Receive_IT), (8 bytes).
    Removing stm32f4xx_hal_uart.o(.ARM.exidx.text.UART_DMAAbortOnError), (8 bytes).
    Removing stm32f4xx_hal_uart.o(.ARM.exidx.text.HAL_UART_ErrorCallback), (8 bytes).
    Removing stm32f4xx_hal_uart.o(.ARM.exidx.text.HAL_UARTEx_RxEventCallback), (8 bytes).
    Removing stm32f4xx_hal_uart.o(.ARM.exidx.text.HAL_UART_TxCpltCallback), (8 bytes).
    Removing stm32f4xx_hal_uart.o(.text.HAL_UART_TxHalfCpltCallback), (2 bytes).
    Removing stm32f4xx_hal_uart.o(.ARM.exidx.text.HAL_UART_TxHalfCpltCallback), (8 bytes).
    Removing stm32f4xx_hal_uart.o(.text.HAL_UART_RxCpltCallback), (2 bytes).
    Removing stm32f4xx_hal_uart.o(.ARM.exidx.text.HAL_UART_RxCpltCallback), (8 bytes).
    Removing stm32f4xx_hal_uart.o(.text.HAL_UART_RxHalfCpltCallback), (2 bytes).
    Removing stm32f4xx_hal_uart.o(.ARM.exidx.text.HAL_UART_RxHalfCpltCallback), (8 bytes).
    Removing stm32f4xx_hal_uart.o(.text.HAL_LIN_SendBreak), (60 bytes).
    Removing stm32f4xx_hal_uart.o(.ARM.exidx.text.HAL_LIN_SendBreak), (8 bytes).
    Removing stm32f4xx_hal_uart.o(.text.HAL_MultiProcessor_EnterMuteMode), (60 bytes).
    Removing stm32f4xx_hal_uart.o(.ARM.exidx.text.HAL_MultiProcessor_EnterMuteMode), (8 bytes).
    Removing stm32f4xx_hal_uart.o(.text.HAL_MultiProcessor_ExitMuteMode), (60 bytes).
    Removing stm32f4xx_hal_uart.o(.ARM.exidx.text.HAL_MultiProcessor_ExitMuteMode), (8 bytes).
    Removing stm32f4xx_hal_uart.o(.text.HAL_HalfDuplex_EnableTransmitter), (42 bytes).
    Removing stm32f4xx_hal_uart.o(.ARM.exidx.text.HAL_HalfDuplex_EnableTransmitter), (8 bytes).
    Removing stm32f4xx_hal_uart.o(.text.HAL_HalfDuplex_EnableReceiver), (46 bytes).
    Removing stm32f4xx_hal_uart.o(.ARM.exidx.text.HAL_HalfDuplex_EnableReceiver), (8 bytes).
    Removing stm32f4xx_hal_uart.o(.text.HAL_UART_GetState), (14 bytes).
    Removing stm32f4xx_hal_uart.o(.ARM.exidx.text.HAL_UART_GetState), (8 bytes).
    Removing stm32f4xx_hal_uart.o(.text.HAL_UART_GetError), (4 bytes).
    Removing stm32f4xx_hal_uart.o(.ARM.exidx.text.HAL_UART_GetError), (8 bytes).
    Removing stm32f4xx_hal_uart.o(.text.UART_DMAReceiveCplt), (136 bytes).
    Removing stm32f4xx_hal_uart.o(.ARM.exidx.text.UART_DMAReceiveCplt), (8 bytes).
    Removing stm32f4xx_hal_uart.o(.text.UART_DMARxHalfCplt), (20 bytes).
    Removing stm32f4xx_hal_uart.o(.ARM.exidx.text.UART_DMARxHalfCplt), (8 bytes).
    Removing system_stm32f4xx.o(.text), (0 bytes).
    Removing system_stm32f4xx.o(.ARM.exidx.text.SystemInit), (8 bytes).
    Removing system_stm32f4xx.o(.text.SystemCoreClockUpdate), (116 bytes).
    Removing system_stm32f4xx.o(.ARM.exidx.text.SystemCoreClockUpdate), (8 bytes).
    Removing can_database.o(.text), (0 bytes).
    Removing can_database.o(.text.Hash_table_init), (36 bytes).
    Removing can_database.o(.ARM.exidx.text.Hash_table_init), (8 bytes).
    Removing can_database.o(.ARM.exidx.text.Can_start_work), (8 bytes).
    Removing can_database.o(.ARM.exidx.text.HAL_CAN_RxFifo0MsgPendingCallback), (8 bytes).
    Removing can_database.o(.ARM.exidx.text.HAL_CAN_RxFifo1MsgPendingCallback), (8 bytes).
    Removing can_database.o(.ARM.exidx.text.HAL_CAN_ErrorCallback), (8 bytes).
    Removing can_database.o(.bss.can_data_num_g), (1 bytes).
    Removing can_database.o(.bss.can_database_g), (0 bytes).
    Removing can_database.o(.data.hash_table), (2000 bytes).
    Removing debug.o(.text), (0 bytes).
    Removing debug.o(.ARM.exidx.text.HAL_UART_RxCpltCallback), (8 bytes).
    Removing pid.o(.text), (0 bytes).
    Removing pid.o(.ARM.exidx.text.Pid_parameter_init), (8 bytes).
    Removing pid.o(.ARM.exidx.text.Pid_incremental_cal), (8 bytes).
    Removing basic_action.o(.text), (0 bytes).
    Removing basic_action.o(.ARM.exidx.text.Begin_action_one), (8 bytes).
    Removing basic_action.o(.text.Action_one_content), (132 bytes).
    Removing basic_action.o(.ARM.exidx.text.Action_one_content), (8 bytes).
    Removing basic_action.o(.ARM.exidx.text.change_next), (8 bytes).
    Removing basic_action.o(.rodata.equal_allow_err), (4 bytes).
    Removing basic_action.o(.bss.Action_one_content.state_cnt), (4 bytes).
    Removing basic.o(.text), (0 bytes).
    Removing basic.o(.ARM.exidx.text.Basic_int_abs), (8 bytes).
    Removing basic.o(.text.Basic_float_abs), (6 bytes).
    Removing basic.o(.ARM.exidx.text.Basic_float_abs), (8 bytes).
    Removing basic.o(.rodata.basic_pi), (4 bytes).
    Removing dji_motor.o(.text), (0 bytes).
    Removing dji_motor.o(.text.Get_dji_information), (20 bytes).
    Removing dji_motor.o(.ARM.exidx.text.Get_dji_information), (8 bytes).
    Removing dji_motor.o(.ARM.exidx.text.Change_dji_speed), (8 bytes).
    Removing dji_motor.o(.ARM.exidx.text.Change_dji_loc), (8 bytes).
    Removing dji_motor.o(.ARM.exidx.text.Dji_motor_control), (8 bytes).
    Removing angle.o(.text), (0 bytes).
    Removing angle.o(.text.dji_angle), (296 bytes).
    Removing angle.o(.ARM.exidx.text.dji_angle), (8 bytes).
    Removing angle.o(.bss.motor_inf), (256 bytes).
    Removing pan.o(.text), (0 bytes).
    Removing pan.o(.text.pan_angle), (188 bytes).
    Removing pan.o(.ARM.exidx.text.pan_angle), (8 bytes).
    Removing pan.o(.bss.target_angle3), (4 bytes).
    Removing pan.o(.bss.motor_inf), (256 bytes).
    Removing vesc.o(.text), (0 bytes).
    Removing vesc.o(.text.Change_vesc_speed), (12 bytes).
    Removing vesc.o(.ARM.exidx.text.Change_vesc_speed), (8 bytes).
    Removing vesc.o(.text.Com2vesc), (248 bytes).
    Removing vesc.o(.ARM.exidx.text.Com2vesc), (8 bytes).
    Removing vesc.o(.text.Vesc_speed_contral_init), (24 bytes).
    Removing vesc.o(.ARM.exidx.text.Vesc_speed_contral_init), (8 bytes).
    Removing vesc.o(.bss.vesc_content_transform), (8 bytes).
    Removing vesc.o(.bss.motor_speed_s), (8 bytes).
    Removing bezier.o(.text), (0 bytes).
    Removing bezier.o(.text.bezier), (152 bytes).
    Removing bezier.o(.ARM.exidx.text.bezier), (8 bytes).
    Removing bezier.o(.text.translate), (68 bytes).
    Removing bezier.o(.ARM.exidx.text.translate), (8 bytes).
    Removing bezier.o(.bss.set_point), (160 bytes).
    Removing calculate_angle.o(.text), (0 bytes).
    Removing calculate_angle.o(.text.sort), (260 bytes).
    Removing calculate_angle.o(.ARM.exidx.text.sort), (8 bytes).
    Removing calculate_angle.o(.text.calculate_angle), (1328 bytes).
    Removing calculate_angle.o(.ARM.exidx.text.calculate_angle), (8 bytes).
    Removing calculate_angle.o(.bss..L_MergedGlobals), (16 bytes).
    Removing get_abs.o(.text), (0 bytes).
    Removing get_abs.o(.text.get_abs), (6 bytes).
    Removing get_abs.o(.ARM.exidx.text.get_abs), (8 bytes).
    Removing remote.o(.text), (0 bytes).
    Removing remote.o(.text.Rc_callback_handler), (240 bytes).
    Removing remote.o(.ARM.exidx.text.Rc_callback_handler), (8 bytes).
    Removing remote.o(.bss.rc), (12 bytes).
    Removing remote.o(.bss..L_MergedGlobals), (8 bytes).
    Removing task1.o(.text), (0 bytes).
    Removing task1.o(.text.Task1), (120 bytes).
    Removing task1.o(.ARM.exidx.text.Task1), (8 bytes).
    Removing task1.o(.text.task3), (392 bytes).
    Removing task1.o(.ARM.exidx.text.task3), (8 bytes).
    Removing task1.o(.text.task4), (420 bytes).
    Removing task1.o(.ARM.exidx.text.task4), (8 bytes).
    Removing f2d.o(.text), (38 bytes).
    Removing d2f.o(.text), (56 bytes).
    Removing fepilogue.o(.text), (110 bytes).
    Removing dneg.o(.text), (6 bytes).
    Removing dscalb.o(.text), (46 bytes).
    Removing dflti.o(.text), (34 bytes).
    Removing dsqrt.o(.text), (162 bytes).
    Removing cdcmple.o(.text), (48 bytes).

617 unused section(s) (total 25281 bytes) removed from the image.

==============================================================================

Image Symbol Table

    Local Symbols

    Symbol Name                              Value     Ov Type        Size  Object(Section)

    ../clib/microlib/division.c              0x00000000   Number         0  uidiv.o ABSOLUTE
    ../clib/microlib/division.c              0x00000000   Number         0  uldiv.o ABSOLUTE
    ../clib/microlib/errno.c                 0x00000000   Number         0  errno.o ABSOLUTE
    ../clib/microlib/init/entry.s            0x00000000   Number         0  entry2.o ABSOLUTE
    ../clib/microlib/init/entry.s            0x00000000   Number         0  entry8a.o ABSOLUTE
    ../clib/microlib/init/entry.s            0x00000000   Number         0  entry8b.o ABSOLUTE
    ../clib/microlib/init/entry.s            0x00000000   Number         0  entry11b.o ABSOLUTE
    ../clib/microlib/init/entry.s            0x00000000   Number         0  entry11a.o ABSOLUTE
    ../clib/microlib/init/entry.s            0x00000000   Number         0  entry9b.o ABSOLUTE
    ../clib/microlib/init/entry.s            0x00000000   Number         0  entry10a.o ABSOLUTE
    ../clib/microlib/init/entry.s            0x00000000   Number         0  entry10b.o ABSOLUTE
    ../clib/microlib/init/entry.s            0x00000000   Number         0  entry.o ABSOLUTE
    ../clib/microlib/init/entry.s            0x00000000   Number         0  entry9a.o ABSOLUTE
    ../clib/microlib/init/entry.s            0x00000000   Number         0  entry5.o ABSOLUTE
    ../clib/microlib/init/entry.s            0x00000000   Number         0  entry7a.o ABSOLUTE
    ../clib/microlib/init/entry.s            0x00000000   Number         0  entry7b.o ABSOLUTE
    ../clib/microlib/longlong.c              0x00000000   Number         0  llsshr.o ABSOLUTE
    ../clib/microlib/longlong.c              0x00000000   Number         0  llushr.o ABSOLUTE
    ../clib/microlib/longlong.c              0x00000000   Number         0  llshl.o ABSOLUTE
    ../clib/microlib/printf/printf.c         0x00000000   Number         0  printfa.o ABSOLUTE
    ../clib/microlib/stdio/fputc.c           0x00000000   Number         0  fputc_h.o ABSOLUTE
    ../clib/microlib/stdio/fputc.c           0x00000000   Number         0  fputc.o ABSOLUTE
    ../clib/microlib/stdio/semi.s            0x00000000   Number         0  semi.o ABSOLUTE
    ../clib/microlib/stdio/streams.c         0x00000000   Number         0  stdout.o ABSOLUTE
    ../clib/microlib/string/memcpy.c         0x00000000   Number         0  memcpya.o ABSOLUTE
    ../clib/microlib/string/memcpy.c         0x00000000   Number         0  memcpyb.o ABSOLUTE
    ../clib/microlib/string/memset.c         0x00000000   Number         0  memseta.o ABSOLUTE
    ../clib/microlib/string/strlen.c         0x00000000   Number         0  strlen.o ABSOLUTE
    ../clib/microlib/stubs.s                 0x00000000   Number         0  iusesemip.o ABSOLUTE
    ../clib/microlib/stubs.s                 0x00000000   Number         0  iusefp.o ABSOLUTE
    ../fplib/microlib/d2f.c                  0x00000000   Number         0  d2f.o ABSOLUTE
    ../fplib/microlib/f2d.c                  0x00000000   Number         0  f2d.o ABSOLUTE
    ../fplib/microlib/fpadd.c                0x00000000   Number         0  dadd.o ABSOLUTE
    ../fplib/microlib/fpdiv.c                0x00000000   Number         0  ddiv.o ABSOLUTE
    ../fplib/microlib/fpepilogue.c           0x00000000   Number         0  depilogue.o ABSOLUTE
    ../fplib/microlib/fpepilogue.c           0x00000000   Number         0  fepilogue.o ABSOLUTE
    ../fplib/microlib/fpfix.c                0x00000000   Number         0  dfixul.o ABSOLUTE
    ../fplib/microlib/fpflt.c                0x00000000   Number         0  dflti.o ABSOLUTE
    ../fplib/microlib/fpmul.c                0x00000000   Number         0  dmul.o ABSOLUTE
    ../fplib/microlib/fpneg.c                0x00000000   Number         0  dneg.o ABSOLUTE
    ../fplib/microlib/fpscalb.c              0x00000000   Number         0  dscalb.o ABSOLUTE
    ../fplib/microlib/fpsqrt.c               0x00000000   Number         0  dsqrt.o ABSOLUTE
    ../mathlib/dunder.c                      0x00000000   Number         0  dunder.o ABSOLUTE
    ../mathlib/fabs.c                        0x00000000   Number         0  fabs.o ABSOLUTE
    ../mathlib/fpclassify.c                  0x00000000   Number         0  fpclassify.o ABSOLUTE
    ../mathlib/poly.c                        0x00000000   Number         0  poly.o ABSOLUTE
    ../mathlib/pow.c                         0x00000000   Number         0  pow.o ABSOLUTE
    ../mathlib/pow.c                         0x00000000   Number         0  pow_x.o ABSOLUTE
    ../mathlib/qnan.c                        0x00000000   Number         0  qnan.o ABSOLUTE
    ../mathlib/sqrt.c                        0x00000000   Number         0  sqrt.o ABSOLUTE
    ../mathlib/sqrt.c                        0x00000000   Number         0  sqrt_x.o ABSOLUTE
    angle.c                                  0x00000000   Number         0  angle.o ABSOLUTE
    basic.c                                  0x00000000   Number         0  basic.o ABSOLUTE
    basic_action.c                           0x00000000   Number         0  basic_action.o ABSOLUTE
    bezier.c                                 0x00000000   Number         0  bezier.o ABSOLUTE
    calculate_angle.c                        0x00000000   Number         0  calculate_angle.o ABSOLUTE
    can.c                                    0x00000000   Number         0  can.o ABSOLUTE
    can_database.c                           0x00000000   Number         0  can_database.o ABSOLUTE
    cdcmple.s                                0x00000000   Number         0  cdcmple.o ABSOLUTE
    cdrcmple.s                               0x00000000   Number         0  cdrcmple.o ABSOLUTE
    dc.s                                     0x00000000   Number         0  dc.o ABSOLUTE
    debug.c                                  0x00000000   Number         0  debug.o ABSOLUTE
    dji_motor.c                              0x00000000   Number         0  dji_motor.o ABSOLUTE
    get_abs.c                                0x00000000   Number         0  get_abs.o ABSOLUTE
    gpio.c                                   0x00000000   Number         0  gpio.o ABSOLUTE
    handlers.s                               0x00000000   Number         0  handlers.o ABSOLUTE
    init.s                                   0x00000000   Number         0  init.o ABSOLUTE
    main.c                                   0x00000000   Number         0  main.o ABSOLUTE
    pan.c                                    0x00000000   Number         0  pan.o ABSOLUTE
    pid.c                                    0x00000000   Number         0  pid.o ABSOLUTE
    remote.c                                 0x00000000   Number         0  remote.o ABSOLUTE
    startup_stm32f413xx.s                    0x00000000   Number         0  startup_stm32f413xx.o ABSOLUTE
    stm32f4xx_hal.c                          0x00000000   Number         0  stm32f4xx_hal.o ABSOLUTE
    stm32f4xx_hal_can.c                      0x00000000   Number         0  stm32f4xx_hal_can.o ABSOLUTE
    stm32f4xx_hal_cortex.c                   0x00000000   Number         0  stm32f4xx_hal_cortex.o ABSOLUTE
    stm32f4xx_hal_dma.c                      0x00000000   Number         0  stm32f4xx_hal_dma.o ABSOLUTE
    stm32f4xx_hal_dma_ex.c                   0x00000000   Number         0  stm32f4xx_hal_dma_ex.o ABSOLUTE
    stm32f4xx_hal_exti.c                     0x00000000   Number         0  stm32f4xx_hal_exti.o ABSOLUTE
    stm32f4xx_hal_flash.c                    0x00000000   Number         0  stm32f4xx_hal_flash.o ABSOLUTE
    stm32f4xx_hal_flash_ex.c                 0x00000000   Number         0  stm32f4xx_hal_flash_ex.o ABSOLUTE
    stm32f4xx_hal_flash_ramfunc.c            0x00000000   Number         0  stm32f4xx_hal_flash_ramfunc.o ABSOLUTE
    stm32f4xx_hal_gpio.c                     0x00000000   Number         0  stm32f4xx_hal_gpio.o ABSOLUTE
    stm32f4xx_hal_msp.c                      0x00000000   Number         0  stm32f4xx_hal_msp.o ABSOLUTE
    stm32f4xx_hal_pwr.c                      0x00000000   Number         0  stm32f4xx_hal_pwr.o ABSOLUTE
    stm32f4xx_hal_pwr_ex.c                   0x00000000   Number         0  stm32f4xx_hal_pwr_ex.o ABSOLUTE
    stm32f4xx_hal_rcc.c                      0x00000000   Number         0  stm32f4xx_hal_rcc.o ABSOLUTE
    stm32f4xx_hal_rcc_ex.c                   0x00000000   Number         0  stm32f4xx_hal_rcc_ex.o ABSOLUTE
    stm32f4xx_hal_tim.c                      0x00000000   Number         0  stm32f4xx_hal_tim.o ABSOLUTE
    stm32f4xx_hal_tim_ex.c                   0x00000000   Number         0  stm32f4xx_hal_tim_ex.o ABSOLUTE
    stm32f4xx_hal_uart.c                     0x00000000   Number         0  stm32f4xx_hal_uart.o ABSOLUTE
    stm32f4xx_it.c                           0x00000000   Number         0  stm32f4xx_it.o ABSOLUTE
    system_stm32f4xx.c                       0x00000000   Number         0  system_stm32f4xx.o ABSOLUTE
    task1.c                                  0x00000000   Number         0  task1.o ABSOLUTE
    usart.c                                  0x00000000   Number         0  usart.o ABSOLUTE
    vesc.c                                   0x00000000   Number         0  vesc.o ABSOLUTE
    RESET                                    0x08000000   Section      472  startup_stm32f413xx.o(RESET)
    .ARM.Collect$$$$00000000                 0x080001d8   Section        0  entry.o(.ARM.Collect$$$$00000000)
    .ARM.Collect$$$$00000001                 0x080001d8   Section        4  entry2.o(.ARM.Collect$$$$00000001)
    .ARM.Collect$$$$00000004                 0x080001dc   Section        4  entry5.o(.ARM.Collect$$$$00000004)
    .ARM.Collect$$$$00000008                 0x080001e0   Section        0  entry7b.o(.ARM.Collect$$$$00000008)
    .ARM.Collect$$$$0000000A                 0x080001e0   Section        0  entry8b.o(.ARM.Collect$$$$0000000A)
    .ARM.Collect$$$$0000000B                 0x080001e0   Section        8  entry9a.o(.ARM.Collect$$$$0000000B)
    .ARM.Collect$$$$0000000D                 0x080001e8   Section        0  entry10a.o(.ARM.Collect$$$$0000000D)
    .ARM.Collect$$$$0000000F                 0x080001e8   Section        0  entry11a.o(.ARM.Collect$$$$0000000F)
    .ARM.Collect$$$$00002712                 0x080001e8   Section        4  entry2.o(.ARM.Collect$$$$00002712)
    __lit__00000000                          0x080001e8   Data           4  entry2.o(.ARM.Collect$$$$00002712)
    .text                                    0x080001ec   Section       36  startup_stm32f413xx.o(.text)
    $v0                                      0x080001ec   Number         0  startup_stm32f413xx.o(.text)
    .text                                    0x08000210   Section        0  uldiv.o(.text)
    .text                                    0x08000272   Section        0  memseta.o(.text)
    .text                                    0x08000296   Section        0  strlen.o(.text)
    .text                                    0x080002a4   Section        0  dadd.o(.text)
    .text                                    0x080003f2   Section        0  dmul.o(.text)
    .text                                    0x080004d6   Section        0  ddiv.o(.text)
    .text                                    0x080005b4   Section        0  uidiv.o(.text)
    .text                                    0x080005e0   Section        0  llshl.o(.text)
    .text                                    0x080005fe   Section        0  llushr.o(.text)
    .text                                    0x0800061e   Section        0  llsshr.o(.text)
    .text                                    0x08000642   Section        0  iusefp.o(.text)
    .text                                    0x08000642   Section        0  depilogue.o(.text)
    .text                                    0x080006fc   Section        0  dfixul.o(.text)
    .text                                    0x0800072c   Section       48  cdrcmple.o(.text)
    .text                                    0x0800075c   Section       36  init.o(.text)
    [Anonymous Symbol]                       0x08000780   Section        0  basic.o(.text.Basic_int_abs)
    [Anonymous Symbol]                       0x0800078c   Section        0  basic_action.o(.text.Begin_action_one)
    __arm_cp.0_0                             0x08000794   Number         4  basic_action.o(.text.Begin_action_one)
    [Anonymous Symbol]                       0x08000798   Section        0  stm32f4xx_it.o(.text.BusFault_Handler)
    [Anonymous Symbol]                       0x0800079c   Section        0  stm32f4xx_it.o(.text.CAN1_RX0_IRQHandler)
    [Anonymous Symbol]                       0x080007a4   Section        0  stm32f4xx_it.o(.text.CAN1_RX1_IRQHandler)
    [Anonymous Symbol]                       0x080007ac   Section        0  stm32f4xx_it.o(.text.CAN2_RX0_IRQHandler)
    [Anonymous Symbol]                       0x080007b4   Section        0  stm32f4xx_it.o(.text.CAN2_RX1_IRQHandler)
    [Anonymous Symbol]                       0x080007bc   Section        0  can_database.o(.text.Can_start_work)
    [Anonymous Symbol]                       0x08000810   Section        0  dji_motor.o(.text.Change_dji_loc)
    [Anonymous Symbol]                       0x0800081c   Section        0  dji_motor.o(.text.Change_dji_speed)
    __arm_cp.1_0                             0x08000824   Number         4  dji_motor.o(.text.Change_dji_speed)
    [Anonymous Symbol]                       0x08000828   Section        0  stm32f4xx_it.o(.text.DebugMon_Handler)
    [Anonymous Symbol]                       0x0800082c   Section        0  dji_motor.o(.text.Dji_motor_control)
    __arm_cp.3_0                             0x080009e4   Number         4  dji_motor.o(.text.Dji_motor_control)
    __arm_cp.3_1                             0x080009e8   Number         4  dji_motor.o(.text.Dji_motor_control)
    __arm_cp.3_2                             0x080009ec   Number         4  dji_motor.o(.text.Dji_motor_control)
    __arm_cp.3_3                             0x080009f0   Number         4  dji_motor.o(.text.Dji_motor_control)
    __arm_cp.3_4                             0x080009f4   Number         4  dji_motor.o(.text.Dji_motor_control)
    __arm_cp.3_5                             0x080009f8   Number         4  dji_motor.o(.text.Dji_motor_control)
    [Anonymous Symbol]                       0x080009fc   Section        0  main.o(.text.Error_Handler)
    [Anonymous Symbol]                       0x08000a04   Section        0  stm32f4xx_hal_can.o(.text.HAL_CAN_ActivateNotification)
    [Anonymous Symbol]                       0x08000a2c   Section        0  stm32f4xx_hal_can.o(.text.HAL_CAN_AddTxMessage)
    [Anonymous Symbol]                       0x08000ad0   Section        0  stm32f4xx_hal_can.o(.text.HAL_CAN_ConfigFilter)
    __arm_cp.5_0                             0x08000bec   Number         4  stm32f4xx_hal_can.o(.text.HAL_CAN_ConfigFilter)
    [Anonymous Symbol]                       0x08000bf0   Section        0  can_database.o(.text.HAL_CAN_ErrorCallback)
    [Anonymous Symbol]                       0x08000bf2   Section        0  stm32f4xx_hal_can.o(.text.HAL_CAN_GetRxMessage)
    [Anonymous Symbol]                       0x08000d04   Section        0  stm32f4xx_hal_can.o(.text.HAL_CAN_IRQHandler)
    [Anonymous Symbol]                       0x08000f0c   Section        0  stm32f4xx_hal_can.o(.text.HAL_CAN_Init)
    [Anonymous Symbol]                       0x08001008   Section        0  can.o(.text.HAL_CAN_MspInit)
    __arm_cp.2_0                             0x080010fc   Number         4  can.o(.text.HAL_CAN_MspInit)
    __arm_cp.2_1                             0x08001100   Number         4  can.o(.text.HAL_CAN_MspInit)
    __arm_cp.2_2                             0x08001104   Number         4  can.o(.text.HAL_CAN_MspInit)
    __arm_cp.2_3                             0x08001108   Number         4  can.o(.text.HAL_CAN_MspInit)
    [Anonymous Symbol]                       0x0800110c   Section        0  stm32f4xx_hal_can.o(.text.HAL_CAN_RxFifo0FullCallback)
    [Anonymous Symbol]                       0x08001110   Section        0  can_database.o(.text.HAL_CAN_RxFifo0MsgPendingCallback)
    __arm_cp.2_0                             0x08001174   Number         4  can_database.o(.text.HAL_CAN_RxFifo0MsgPendingCallback)
    [Anonymous Symbol]                       0x08001178   Section        0  stm32f4xx_hal_can.o(.text.HAL_CAN_RxFifo1FullCallback)
    [Anonymous Symbol]                       0x0800117c   Section        0  can_database.o(.text.HAL_CAN_RxFifo1MsgPendingCallback)
    __arm_cp.3_0                             0x0800119c   Number         4  can_database.o(.text.HAL_CAN_RxFifo1MsgPendingCallback)
    [Anonymous Symbol]                       0x080011a0   Section        0  stm32f4xx_hal_can.o(.text.HAL_CAN_SleepCallback)
    [Anonymous Symbol]                       0x080011a2   Section        0  stm32f4xx_hal_can.o(.text.HAL_CAN_Start)
    [Anonymous Symbol]                       0x080011fa   Section        0  stm32f4xx_hal_can.o(.text.HAL_CAN_TxMailbox0AbortCallback)
    [Anonymous Symbol]                       0x080011fc   Section        0  stm32f4xx_hal_can.o(.text.HAL_CAN_TxMailbox0CompleteCallback)
    [Anonymous Symbol]                       0x080011fe   Section        0  stm32f4xx_hal_can.o(.text.HAL_CAN_TxMailbox1AbortCallback)
    [Anonymous Symbol]                       0x08001200   Section        0  stm32f4xx_hal_can.o(.text.HAL_CAN_TxMailbox1CompleteCallback)
    [Anonymous Symbol]                       0x08001202   Section        0  stm32f4xx_hal_can.o(.text.HAL_CAN_TxMailbox2AbortCallback)
    [Anonymous Symbol]                       0x08001204   Section        0  stm32f4xx_hal_can.o(.text.HAL_CAN_TxMailbox2CompleteCallback)
    [Anonymous Symbol]                       0x08001206   Section        0  stm32f4xx_hal_can.o(.text.HAL_CAN_WakeUpFromRxMsgCallback)
    [Anonymous Symbol]                       0x08001208   Section        0  stm32f4xx_hal_dma.o(.text.HAL_DMA_Abort)
    [Anonymous Symbol]                       0x0800128c   Section        0  stm32f4xx_hal_dma.o(.text.HAL_DMA_Abort_IT)
    [Anonymous Symbol]                       0x080012b0   Section        0  stm32f4xx_hal_gpio.o(.text.HAL_GPIO_Init)
    __arm_cp.0_0                             0x08001434   Number         4  stm32f4xx_hal_gpio.o(.text.HAL_GPIO_Init)
    __arm_cp.0_1                             0x08001438   Number         4  stm32f4xx_hal_gpio.o(.text.HAL_GPIO_Init)
    __arm_cp.0_2                             0x0800143c   Number         4  stm32f4xx_hal_gpio.o(.text.HAL_GPIO_Init)
    __arm_cp.0_3                             0x08001440   Number         4  stm32f4xx_hal_gpio.o(.text.HAL_GPIO_Init)
    __arm_cp.0_4                             0x08001444   Number         4  stm32f4xx_hal_gpio.o(.text.HAL_GPIO_Init)
    __arm_cp.0_5                             0x08001448   Number         4  stm32f4xx_hal_gpio.o(.text.HAL_GPIO_Init)
    __arm_cp.0_6                             0x0800144c   Number         4  stm32f4xx_hal_gpio.o(.text.HAL_GPIO_Init)
    [Anonymous Symbol]                       0x08001450   Section        0  stm32f4xx_hal_gpio.o(.text.HAL_GPIO_WritePin)
    [Anonymous Symbol]                       0x0800145c   Section        0  stm32f4xx_hal.o(.text.HAL_GetTick)
    [Anonymous Symbol]                       0x08001464   Section        0  stm32f4xx_hal.o(.text.HAL_IncTick)
    [Anonymous Symbol]                       0x08001470   Section        0  stm32f4xx_hal.o(.text.HAL_Init)
    __arm_cp.0_0                             0x080014a0   Number         4  stm32f4xx_hal.o(.text.HAL_Init)
    [Anonymous Symbol]                       0x080014a4   Section        0  stm32f4xx_hal.o(.text.HAL_InitTick)
    __arm_cp.1_0                             0x080014dc   Number         4  stm32f4xx_hal.o(.text.HAL_InitTick)
    [Anonymous Symbol]                       0x080014e0   Section        0  stm32f4xx_hal_msp.o(.text.HAL_MspInit)
    __arm_cp.0_0                             0x08001514   Number         4  stm32f4xx_hal_msp.o(.text.HAL_MspInit)
    [Anonymous Symbol]                       0x08001518   Section        0  stm32f4xx_hal_cortex.o(.text.HAL_NVIC_EnableIRQ)
    __arm_cp.2_0                             0x08001530   Number         4  stm32f4xx_hal_cortex.o(.text.HAL_NVIC_EnableIRQ)
    [Anonymous Symbol]                       0x08001534   Section        0  stm32f4xx_hal_cortex.o(.text.HAL_NVIC_SetPriority)
    __arm_cp.1_0                             0x08001588   Number         4  stm32f4xx_hal_cortex.o(.text.HAL_NVIC_SetPriority)
    [Anonymous Symbol]                       0x0800158c   Section        0  stm32f4xx_hal_cortex.o(.text.HAL_NVIC_SetPriorityGrouping)
    __arm_cp.0_0                             0x080015a4   Number         4  stm32f4xx_hal_cortex.o(.text.HAL_NVIC_SetPriorityGrouping)
    __arm_cp.0_1                             0x080015a8   Number         4  stm32f4xx_hal_cortex.o(.text.HAL_NVIC_SetPriorityGrouping)
    [Anonymous Symbol]                       0x080015ac   Section        0  stm32f4xx_hal_rcc.o(.text.HAL_RCC_ClockConfig)
    __arm_cp.2_0                             0x080016d0   Number         4  stm32f4xx_hal_rcc.o(.text.HAL_RCC_ClockConfig)
    __arm_cp.2_1                             0x080016d4   Number         4  stm32f4xx_hal_rcc.o(.text.HAL_RCC_ClockConfig)
    __arm_cp.2_3                             0x080016d8   Number         4  stm32f4xx_hal_rcc.o(.text.HAL_RCC_ClockConfig)
    [Anonymous Symbol]                       0x080016dc   Section        0  stm32f4xx_hal_rcc.o(.text.HAL_RCC_GetPCLK1Freq)
    [Anonymous Symbol]                       0x080016f0   Section        0  stm32f4xx_hal_rcc.o(.text.HAL_RCC_GetPCLK2Freq)
    __arm_cp.9_0                             0x08001704   Number         4  stm32f4xx_hal_rcc.o(.text.HAL_RCC_GetPCLK2Freq)
    __arm_cp.9_1                             0x08001708   Number         4  stm32f4xx_hal_rcc.o(.text.HAL_RCC_GetPCLK2Freq)
    __arm_cp.9_2                             0x0800170c   Number         4  stm32f4xx_hal_rcc.o(.text.HAL_RCC_GetPCLK2Freq)
    [Anonymous Symbol]                       0x08001710   Section        0  stm32f4xx_hal_rcc.o(.text.HAL_RCC_GetSysClockFreq)
    __arm_cp.3_1                             0x08001764   Number         4  stm32f4xx_hal_rcc.o(.text.HAL_RCC_GetSysClockFreq)
    __arm_cp.3_2                             0x08001768   Number         4  stm32f4xx_hal_rcc.o(.text.HAL_RCC_GetSysClockFreq)
    [Anonymous Symbol]                       0x0800176c   Section        0  stm32f4xx_hal_rcc_ex.o(.text.HAL_RCC_OscConfig)
    __arm_cp.7_0                             0x08001ad8   Number         4  stm32f4xx_hal_rcc_ex.o(.text.HAL_RCC_OscConfig)
    __arm_cp.7_1                             0x08001adc   Number         4  stm32f4xx_hal_rcc_ex.o(.text.HAL_RCC_OscConfig)
    __arm_cp.7_2                             0x08001ae0   Number         4  stm32f4xx_hal_rcc_ex.o(.text.HAL_RCC_OscConfig)
    __arm_cp.7_3                             0x08001ae4   Number         4  stm32f4xx_hal_rcc_ex.o(.text.HAL_RCC_OscConfig)
    [Anonymous Symbol]                       0x08001ae8   Section        0  stm32f4xx_hal_cortex.o(.text.HAL_SYSTICK_Config)
    __arm_cp.6_0                             0x08001b08   Number         4  stm32f4xx_hal_cortex.o(.text.HAL_SYSTICK_Config)
    __arm_cp.6_1                             0x08001b0c   Number         4  stm32f4xx_hal_cortex.o(.text.HAL_SYSTICK_Config)
    [Anonymous Symbol]                       0x08001b10   Section        0  stm32f4xx_hal_uart.o(.text.HAL_UARTEx_RxEventCallback)
    [Anonymous Symbol]                       0x08001b12   Section        0  stm32f4xx_hal_uart.o(.text.HAL_UART_ErrorCallback)
    [Anonymous Symbol]                       0x08001b14   Section        0  stm32f4xx_hal_uart.o(.text.HAL_UART_IRQHandler)
    __arm_cp.41_0                            0x08001da8   Number         4  stm32f4xx_hal_uart.o(.text.HAL_UART_IRQHandler)
    [Anonymous Symbol]                       0x08001dac   Section        0  stm32f4xx_hal_uart.o(.text.HAL_UART_Init)
    [Anonymous Symbol]                       0x08001e08   Section        0  usart.o(.text.HAL_UART_MspInit)
    __arm_cp.4_0                             0x08001f34   Number         4  usart.o(.text.HAL_UART_MspInit)
    __arm_cp.4_4                             0x08001f38   Number         4  usart.o(.text.HAL_UART_MspInit)
    [Anonymous Symbol]                       0x08001f3c   Section        0  stm32f4xx_hal_uart.o(.text.HAL_UART_Receive_IT)
    [Anonymous Symbol]                       0x08001f6c   Section        0  debug.o(.text.HAL_UART_RxCpltCallback)
    __arm_cp.0_1                             0x08001fa4   Number         4  debug.o(.text.HAL_UART_RxCpltCallback)
    [Anonymous Symbol]                       0x08001fa8   Section        0  stm32f4xx_hal_uart.o(.text.HAL_UART_Transmit)
    [Anonymous Symbol]                       0x0800205e   Section        0  stm32f4xx_hal_uart.o(.text.HAL_UART_TxCpltCallback)
    [Anonymous Symbol]                       0x08002060   Section        0  stm32f4xx_it.o(.text.HardFault_Handler)
    [Anonymous Symbol]                       0x08002064   Section        0  can.o(.text.MX_CAN1_Init)
    __arm_cp.0_0                             0x0800209c   Number         4  can.o(.text.MX_CAN1_Init)
    __arm_cp.0_1                             0x080020a0   Number         4  can.o(.text.MX_CAN1_Init)
    [Anonymous Symbol]                       0x080020a4   Section        0  can.o(.text.MX_CAN2_Init)
    __arm_cp.1_0                             0x080020e0   Number         4  can.o(.text.MX_CAN2_Init)
    __arm_cp.1_1                             0x080020e4   Number         4  can.o(.text.MX_CAN2_Init)
    [Anonymous Symbol]                       0x080020e8   Section        0  gpio.o(.text.MX_GPIO_Init)
    __arm_cp.0_0                             0x08002178   Number         4  gpio.o(.text.MX_GPIO_Init)
    __arm_cp.0_1                             0x0800217c   Number         4  gpio.o(.text.MX_GPIO_Init)
    [Anonymous Symbol]                       0x08002180   Section        0  usart.o(.text.MX_UART7_Init)
    __arm_cp.1_0                             0x080021b4   Number         4  usart.o(.text.MX_UART7_Init)
    __arm_cp.1_1                             0x080021b8   Number         4  usart.o(.text.MX_UART7_Init)
    [Anonymous Symbol]                       0x080021bc   Section        0  usart.o(.text.MX_UART8_Init)
    __arm_cp.2_1                             0x080021f0   Number         4  usart.o(.text.MX_UART8_Init)
    [Anonymous Symbol]                       0x080021f4   Section        0  usart.o(.text.MX_USART6_UART_Init)
    __arm_cp.3_0                             0x08002228   Number         4  usart.o(.text.MX_USART6_UART_Init)
    __arm_cp.3_1                             0x0800222c   Number         4  usart.o(.text.MX_USART6_UART_Init)
    [Anonymous Symbol]                       0x08002230   Section        0  stm32f4xx_it.o(.text.MemManage_Handler)
    [Anonymous Symbol]                       0x08002232   Section        0  stm32f4xx_it.o(.text.NMI_Handler)
    [Anonymous Symbol]                       0x08002234   Section        0  stm32f4xx_it.o(.text.PendSV_Handler)
    [Anonymous Symbol]                       0x08002236   Section        0  pid.o(.text.Pid_incremental_cal)
    [Anonymous Symbol]                       0x080022ac   Section        0  pid.o(.text.Pid_parameter_init)
    __arm_cp.0_0                             0x08002470   Number         4  pid.o(.text.Pid_parameter_init)
    __arm_cp.0_1                             0x08002474   Number         4  pid.o(.text.Pid_parameter_init)
    __arm_cp.0_2                             0x08002478   Number         4  pid.o(.text.Pid_parameter_init)
    __arm_cp.0_3                             0x0800247c   Number         4  pid.o(.text.Pid_parameter_init)
    __arm_cp.0_4                             0x08002480   Number         4  pid.o(.text.Pid_parameter_init)
    __arm_cp.0_5                             0x08002484   Number         4  pid.o(.text.Pid_parameter_init)
    __arm_cp.0_6                             0x08002488   Number         4  pid.o(.text.Pid_parameter_init)
    __arm_cp.0_7                             0x0800248c   Number         4  pid.o(.text.Pid_parameter_init)
    __arm_cp.0_8                             0x08002490   Number         4  pid.o(.text.Pid_parameter_init)
    __arm_cp.0_9                             0x08002494   Number         4  pid.o(.text.Pid_parameter_init)
    __arm_cp.0_10                            0x08002498   Number         4  pid.o(.text.Pid_parameter_init)
    __arm_cp.0_11                            0x0800249c   Number         4  pid.o(.text.Pid_parameter_init)
    __arm_cp.0_12                            0x080024a0   Number         4  pid.o(.text.Pid_parameter_init)
    __arm_cp.0_13                            0x080024a4   Number         4  pid.o(.text.Pid_parameter_init)
    __arm_cp.0_14                            0x080024a8   Number         4  pid.o(.text.Pid_parameter_init)
    __arm_cp.0_15                            0x080024ac   Number         4  pid.o(.text.Pid_parameter_init)
    __arm_cp.0_16                            0x080024b0   Number         4  pid.o(.text.Pid_parameter_init)
    __arm_cp.0_17                            0x080024b4   Number         4  pid.o(.text.Pid_parameter_init)
    __arm_cp.0_18                            0x080024b8   Number         4  pid.o(.text.Pid_parameter_init)
    __arm_cp.0_19                            0x080024bc   Number         4  pid.o(.text.Pid_parameter_init)
    __arm_cp.0_20                            0x080024c0   Number         4  pid.o(.text.Pid_parameter_init)
    [Anonymous Symbol]                       0x080024c4   Section        0  stm32f4xx_it.o(.text.SVC_Handler)
    [Anonymous Symbol]                       0x080024c6   Section        0  stm32f4xx_it.o(.text.SysTick_Handler)
    [Anonymous Symbol]                       0x080024cc   Section        0  main.o(.text.SystemClock_Config)
    __arm_cp.1_0                             0x08002568   Number         4  main.o(.text.SystemClock_Config)
    __arm_cp.1_1                             0x0800256c   Number         4  main.o(.text.SystemClock_Config)
    [Anonymous Symbol]                       0x08002570   Section        0  system_stm32f4xx.o(.text.SystemInit)
    __arm_cp.0_0                             0x0800257c   Number         4  system_stm32f4xx.o(.text.SystemInit)
    [Anonymous Symbol]                       0x08002580   Section        0  stm32f4xx_it.o(.text.UART7_IRQHandler)
    [Anonymous Symbol]                       0x08002588   Section        0  stm32f4xx_it.o(.text.UART8_IRQHandler)
    __arm_cp.15_0                            0x08002590   Number         4  stm32f4xx_it.o(.text.UART8_IRQHandler)
    [Anonymous Symbol]                       0x08002594   Section        0  stm32f4xx_hal_uart.o(.text.UART_DMAAbortOnError)
    UART_DMAAbortOnError                     0x08002595   Thumb Code    12  stm32f4xx_hal_uart.o(.text.UART_DMAAbortOnError)
    [Anonymous Symbol]                       0x080025a0   Section        0  stm32f4xx_hal_uart.o(.text.UART_EndRxTransfer)
    UART_EndRxTransfer                       0x080025a1   Thumb Code    78  stm32f4xx_hal_uart.o(.text.UART_EndRxTransfer)
    [Anonymous Symbol]                       0x080025ee   Section        0  stm32f4xx_hal_uart.o(.text.UART_Receive_IT)
    UART_Receive_IT                          0x080025ef   Thumb Code   186  stm32f4xx_hal_uart.o(.text.UART_Receive_IT)
    [Anonymous Symbol]                       0x080026a8   Section        0  stm32f4xx_hal_uart.o(.text.UART_SetConfig)
    UART_SetConfig                           0x080026a9   Thumb Code   204  stm32f4xx_hal_uart.o(.text.UART_SetConfig)
    __arm_cp.2_0                             0x08002770   Number         4  stm32f4xx_hal_uart.o(.text.UART_SetConfig)
    [Anonymous Symbol]                       0x08002774   Section        0  stm32f4xx_hal_uart.o(.text.UART_Start_Receive_IT)
    [Anonymous Symbol]                       0x080027aa   Section        0  stm32f4xx_hal_uart.o(.text.UART_WaitOnFlagUntilTimeout)
    UART_WaitOnFlagUntilTimeout              0x080027ab   Thumb Code   110  stm32f4xx_hal_uart.o(.text.UART_WaitOnFlagUntilTimeout)
    [Anonymous Symbol]                       0x08002818   Section        0  stm32f4xx_it.o(.text.USART6_IRQHandler)
    __arm_cp.13_0                            0x08002820   Number         4  stm32f4xx_it.o(.text.USART6_IRQHandler)
    [Anonymous Symbol]                       0x08002824   Section        0  usart.o(.text.USART_printf)
    [Anonymous Symbol]                       0x0800285c   Section        0  stm32f4xx_it.o(.text.UsageFault_Handler)
    [Anonymous Symbol]                       0x08002860   Section        0  basic_action.o(.text.change_next)
    change_next                              0x08002861   Thumb Code    16  basic_action.o(.text.change_next)
    [Anonymous Symbol]                       0x08002870   Section        0  main.o(.text.main)
    __arm_cp.0_0                             0x080028c4   Number         4  main.o(.text.main)
    __arm_cp.0_1                             0x080028c8   Number         4  main.o(.text.main)
    __arm_cp.0_2                             0x080028cc   Number         4  main.o(.text.main)
    i.__0vsprintf                            0x080028d4   Section        0  printfa.o(i.__0vsprintf)
    i.__scatterload_copy                     0x080028f8   Section       14  handlers.o(i.__scatterload_copy)
    i.__scatterload_null                     0x08002906   Section        2  handlers.o(i.__scatterload_null)
    i.__scatterload_zeroinit                 0x08002908   Section       14  handlers.o(i.__scatterload_zeroinit)
    i._fp_digits                             0x08002918   Section        0  printfa.o(i._fp_digits)
    _fp_digits                               0x08002919   Thumb Code   366  printfa.o(i._fp_digits)
    i._printf_core                           0x08002a9c   Section        0  printfa.o(i._printf_core)
    _printf_core                             0x08002a9d   Thumb Code  1744  printfa.o(i._printf_core)
    i._printf_post_padding                   0x08003178   Section        0  printfa.o(i._printf_post_padding)
    _printf_post_padding                     0x08003179   Thumb Code    36  printfa.o(i._printf_post_padding)
    i._printf_pre_padding                    0x0800319c   Section        0  printfa.o(i._printf_pre_padding)
    _printf_pre_padding                      0x0800319d   Thumb Code    46  printfa.o(i._printf_pre_padding)
    i._sputc                                 0x080031ca   Section        0  printfa.o(i._sputc)
    _sputc                                   0x080031cb   Thumb Code    10  printfa.o(i._sputc)
    [Anonymous Symbol]                       0x20000000   Section        0  stm32f4xx_hal.o(.data..L_MergedGlobals)
    [Anonymous Symbol]                       0x20000010   Section        0  basic_action.o(.data.action_one_s)
    action_one_s                             0x20000010   Data         112  basic_action.o(.data.action_one_s)
    [Anonymous Symbol]                       0x20000080   Section        0  dji_motor.o(.bss..L_MergedGlobals)
    Dji_motor_control.i                      0x20000080   Data           1  dji_motor.o(.bss..L_MergedGlobals)
    Can_cmd_first_four_motor.first_four_motor_can_send_data 0x20000081   Data           8  dji_motor.o(.bss..L_MergedGlobals)
    Can_cmd_last_four_motor.last_four_motor_can_send_data 0x20000089   Data           8  dji_motor.o(.bss..L_MergedGlobals)
    Can_cmd_first_four_motor.first_four_motor_tx_message 0x20000094   Data          24  dji_motor.o(.bss..L_MergedGlobals)
    Can_cmd_last_four_motor.last_four_motor_tx_message 0x200000ac   Data          24  dji_motor.o(.bss..L_MergedGlobals)
    set_loc_s                                0x200000c4   Data          32  dji_motor.o(.bss..L_MergedGlobals)
    [Anonymous Symbol]                       0x20000200   Section        0  dji_motor.o(.bss.motor_inf)
    motor_inf                                0x20000200   Data         256  dji_motor.o(.bss.motor_inf)
    [Anonymous Symbol]                       0x20000584   Section        0  dji_motor.o(.bss.set_spd_s)
    set_spd_s                                0x20000584   Data          32  dji_motor.o(.bss.set_spd_s)
    STACK                                    0x200005b8   Section     1024  startup_stm32f413xx.o(STACK)

    Global Symbols

    Symbol Name                              Value     Ov Type        Size  Object(Section)

    BuildAttributes$$THM_ISAv4$E$P$D$K$B$S$7EM$VFPi3$EXTD16$VFPS$VFMA$PE$A:L22UL41UL21$X:L11$S22US41US21$IEEE1$IW$~IW$USESV6$~STKCKD$USESV7$~SHL$OTIME$ROPI$IEEEX$EBA8$MICROLIB$REQ8$PRES8$EABIv2 0x00000000   Number         0  anon$$obj.o ABSOLUTE
    __cpp_initialize__aeabi_                  - Undefined Weak Reference
    __cxa_finalize                            - Undefined Weak Reference
    __decompress                              - Undefined Weak Reference
    _clock_init                               - Undefined Weak Reference
    _microlib_exit                            - Undefined Weak Reference
    __Vectors_Size                           0x000001d8   Number         0  startup_stm32f413xx.o ABSOLUTE
    __Vectors                                0x08000000   Data           4  startup_stm32f413xx.o(RESET)
    __Vectors_End                            0x080001d8   Data           0  startup_stm32f413xx.o(RESET)
    __main                                   0x080001d9   Thumb Code     0  entry.o(.ARM.Collect$$$$00000000)
    _main_stk                                0x080001d9   Thumb Code     0  entry2.o(.ARM.Collect$$$$00000001)
    _main_scatterload                        0x080001dd   Thumb Code     0  entry5.o(.ARM.Collect$$$$00000004)
    __main_after_scatterload                 0x080001e1   Thumb Code     0  entry5.o(.ARM.Collect$$$$00000004)
    _main_clock                              0x080001e1   Thumb Code     0  entry7b.o(.ARM.Collect$$$$00000008)
    _main_cpp_init                           0x080001e1   Thumb Code     0  entry8b.o(.ARM.Collect$$$$0000000A)
    _main_init                               0x080001e1   Thumb Code     0  entry9a.o(.ARM.Collect$$$$0000000B)
    __rt_final_cpp                           0x080001e9   Thumb Code     0  entry10a.o(.ARM.Collect$$$$0000000D)
    __rt_final_exit                          0x080001e9   Thumb Code     0  entry11a.o(.ARM.Collect$$$$0000000F)
    Reset_Handler                            0x080001ed   Thumb Code     8  startup_stm32f413xx.o(.text)
    ADC_IRQHandler                           0x08000207   Thumb Code     0  startup_stm32f413xx.o(.text)
    CAN1_SCE_IRQHandler                      0x08000207   Thumb Code     0  startup_stm32f413xx.o(.text)
    CAN1_TX_IRQHandler                       0x08000207   Thumb Code     0  startup_stm32f413xx.o(.text)
    CAN2_SCE_IRQHandler                      0x08000207   Thumb Code     0  startup_stm32f413xx.o(.text)
    CAN2_TX_IRQHandler                       0x08000207   Thumb Code     0  startup_stm32f413xx.o(.text)
    CAN3_RX0_IRQHandler                      0x08000207   Thumb Code     0  startup_stm32f413xx.o(.text)
    CAN3_RX1_IRQHandler                      0x08000207   Thumb Code     0  startup_stm32f413xx.o(.text)
    CAN3_SCE_IRQHandler                      0x08000207   Thumb Code     0  startup_stm32f413xx.o(.text)
    CAN3_TX_IRQHandler                       0x08000207   Thumb Code     0  startup_stm32f413xx.o(.text)
    DFSDM1_FLT0_IRQHandler                   0x08000207   Thumb Code     0  startup_stm32f413xx.o(.text)
    DFSDM1_FLT1_IRQHandler                   0x08000207   Thumb Code     0  startup_stm32f413xx.o(.text)
    DFSDM2_FLT0_IRQHandler                   0x08000207   Thumb Code     0  startup_stm32f413xx.o(.text)
    DFSDM2_FLT1_IRQHandler                   0x08000207   Thumb Code     0  startup_stm32f413xx.o(.text)
    DFSDM2_FLT2_IRQHandler                   0x08000207   Thumb Code     0  startup_stm32f413xx.o(.text)
    DFSDM2_FLT3_IRQHandler                   0x08000207   Thumb Code     0  startup_stm32f413xx.o(.text)
    DMA1_Stream0_IRQHandler                  0x08000207   Thumb Code     0  startup_stm32f413xx.o(.text)
    DMA1_Stream1_IRQHandler                  0x08000207   Thumb Code     0  startup_stm32f413xx.o(.text)
    DMA1_Stream2_IRQHandler                  0x08000207   Thumb Code     0  startup_stm32f413xx.o(.text)
    DMA1_Stream3_IRQHandler                  0x08000207   Thumb Code     0  startup_stm32f413xx.o(.text)
    DMA1_Stream4_IRQHandler                  0x08000207   Thumb Code     0  startup_stm32f413xx.o(.text)
    DMA1_Stream5_IRQHandler                  0x08000207   Thumb Code     0  startup_stm32f413xx.o(.text)
    DMA1_Stream6_IRQHandler                  0x08000207   Thumb Code     0  startup_stm32f413xx.o(.text)
    DMA1_Stream7_IRQHandler                  0x08000207   Thumb Code     0  startup_stm32f413xx.o(.text)
    DMA2_Stream0_IRQHandler                  0x08000207   Thumb Code     0  startup_stm32f413xx.o(.text)
    DMA2_Stream1_IRQHandler                  0x08000207   Thumb Code     0  startup_stm32f413xx.o(.text)
    DMA2_Stream2_IRQHandler                  0x08000207   Thumb Code     0  startup_stm32f413xx.o(.text)
    DMA2_Stream3_IRQHandler                  0x08000207   Thumb Code     0  startup_stm32f413xx.o(.text)
    DMA2_Stream4_IRQHandler                  0x08000207   Thumb Code     0  startup_stm32f413xx.o(.text)
    DMA2_Stream5_IRQHandler                  0x08000207   Thumb Code     0  startup_stm32f413xx.o(.text)
    DMA2_Stream6_IRQHandler                  0x08000207   Thumb Code     0  startup_stm32f413xx.o(.text)
    DMA2_Stream7_IRQHandler                  0x08000207   Thumb Code     0  startup_stm32f413xx.o(.text)
    EXTI0_IRQHandler                         0x08000207   Thumb Code     0  startup_stm32f413xx.o(.text)
    EXTI15_10_IRQHandler                     0x08000207   Thumb Code     0  startup_stm32f413xx.o(.text)
    EXTI1_IRQHandler                         0x08000207   Thumb Code     0  startup_stm32f413xx.o(.text)
    EXTI2_IRQHandler                         0x08000207   Thumb Code     0  startup_stm32f413xx.o(.text)
    EXTI3_IRQHandler                         0x08000207   Thumb Code     0  startup_stm32f413xx.o(.text)
    EXTI4_IRQHandler                         0x08000207   Thumb Code     0  startup_stm32f413xx.o(.text)
    EXTI9_5_IRQHandler                       0x08000207   Thumb Code     0  startup_stm32f413xx.o(.text)
    FLASH_IRQHandler                         0x08000207   Thumb Code     0  startup_stm32f413xx.o(.text)
    FMPI2C1_ER_IRQHandler                    0x08000207   Thumb Code     0  startup_stm32f413xx.o(.text)
    FMPI2C1_EV_IRQHandler                    0x08000207   Thumb Code     0  startup_stm32f413xx.o(.text)
    FPU_IRQHandler                           0x08000207   Thumb Code     0  startup_stm32f413xx.o(.text)
    FSMC_IRQHandler                          0x08000207   Thumb Code     0  startup_stm32f413xx.o(.text)
    I2C1_ER_IRQHandler                       0x08000207   Thumb Code     0  startup_stm32f413xx.o(.text)
    I2C1_EV_IRQHandler                       0x08000207   Thumb Code     0  startup_stm32f413xx.o(.text)
    I2C2_ER_IRQHandler                       0x08000207   Thumb Code     0  startup_stm32f413xx.o(.text)
    I2C2_EV_IRQHandler                       0x08000207   Thumb Code     0  startup_stm32f413xx.o(.text)
    I2C3_ER_IRQHandler                       0x08000207   Thumb Code     0  startup_stm32f413xx.o(.text)
    I2C3_EV_IRQHandler                       0x08000207   Thumb Code     0  startup_stm32f413xx.o(.text)
    LPTIM1_IRQHandler                        0x08000207   Thumb Code     0  startup_stm32f413xx.o(.text)
    OTG_FS_IRQHandler                        0x08000207   Thumb Code     0  startup_stm32f413xx.o(.text)
    OTG_FS_WKUP_IRQHandler                   0x08000207   Thumb Code     0  startup_stm32f413xx.o(.text)
    PVD_IRQHandler                           0x08000207   Thumb Code     0  startup_stm32f413xx.o(.text)
    QUADSPI_IRQHandler                       0x08000207   Thumb Code     0  startup_stm32f413xx.o(.text)
    RCC_IRQHandler                           0x08000207   Thumb Code     0  startup_stm32f413xx.o(.text)
    RNG_IRQHandler                           0x08000207   Thumb Code     0  startup_stm32f413xx.o(.text)
    RTC_Alarm_IRQHandler                     0x08000207   Thumb Code     0  startup_stm32f413xx.o(.text)
    RTC_WKUP_IRQHandler                      0x08000207   Thumb Code     0  startup_stm32f413xx.o(.text)
    SAI1_IRQHandler                          0x08000207   Thumb Code     0  startup_stm32f413xx.o(.text)
    SDIO_IRQHandler                          0x08000207   Thumb Code     0  startup_stm32f413xx.o(.text)
    SPI1_IRQHandler                          0x08000207   Thumb Code     0  startup_stm32f413xx.o(.text)
    SPI2_IRQHandler                          0x08000207   Thumb Code     0  startup_stm32f413xx.o(.text)
    SPI3_IRQHandler                          0x08000207   Thumb Code     0  startup_stm32f413xx.o(.text)
    SPI4_IRQHandler                          0x08000207   Thumb Code     0  startup_stm32f413xx.o(.text)
    SPI5_IRQHandler                          0x08000207   Thumb Code     0  startup_stm32f413xx.o(.text)
    TAMP_STAMP_IRQHandler                    0x08000207   Thumb Code     0  startup_stm32f413xx.o(.text)
    TIM1_BRK_TIM9_IRQHandler                 0x08000207   Thumb Code     0  startup_stm32f413xx.o(.text)
    TIM1_CC_IRQHandler                       0x08000207   Thumb Code     0  startup_stm32f413xx.o(.text)
    TIM1_TRG_COM_TIM11_IRQHandler            0x08000207   Thumb Code     0  startup_stm32f413xx.o(.text)
    TIM1_UP_TIM10_IRQHandler                 0x08000207   Thumb Code     0  startup_stm32f413xx.o(.text)
    TIM2_IRQHandler                          0x08000207   Thumb Code     0  startup_stm32f413xx.o(.text)
    TIM3_IRQHandler                          0x08000207   Thumb Code     0  startup_stm32f413xx.o(.text)
    TIM4_IRQHandler                          0x08000207   Thumb Code     0  startup_stm32f413xx.o(.text)
    TIM5_IRQHandler                          0x08000207   Thumb Code     0  startup_stm32f413xx.o(.text)
    TIM6_DAC_IRQHandler                      0x08000207   Thumb Code     0  startup_stm32f413xx.o(.text)
    TIM7_IRQHandler                          0x08000207   Thumb Code     0  startup_stm32f413xx.o(.text)
    TIM8_BRK_TIM12_IRQHandler                0x08000207   Thumb Code     0  startup_stm32f413xx.o(.text)
    TIM8_CC_IRQHandler                       0x08000207   Thumb Code     0  startup_stm32f413xx.o(.text)
    TIM8_TRG_COM_TIM14_IRQHandler            0x08000207   Thumb Code     0  startup_stm32f413xx.o(.text)
    TIM8_UP_TIM13_IRQHandler                 0x08000207   Thumb Code     0  startup_stm32f413xx.o(.text)
    UART10_IRQHandler                        0x08000207   Thumb Code     0  startup_stm32f413xx.o(.text)
    UART4_IRQHandler                         0x08000207   Thumb Code     0  startup_stm32f413xx.o(.text)
    UART5_IRQHandler                         0x08000207   Thumb Code     0  startup_stm32f413xx.o(.text)
    UART9_IRQHandler                         0x08000207   Thumb Code     0  startup_stm32f413xx.o(.text)
    USART1_IRQHandler                        0x08000207   Thumb Code     0  startup_stm32f413xx.o(.text)
    USART2_IRQHandler                        0x08000207   Thumb Code     0  startup_stm32f413xx.o(.text)
    USART3_IRQHandler                        0x08000207   Thumb Code     0  startup_stm32f413xx.o(.text)
    WWDG_IRQHandler                          0x08000207   Thumb Code     0  startup_stm32f413xx.o(.text)
    __aeabi_uldivmod                         0x08000211   Thumb Code    98  uldiv.o(.text)
    __aeabi_memset                           0x08000273   Thumb Code    14  memseta.o(.text)
    __aeabi_memset4                          0x08000273   Thumb Code     0  memseta.o(.text)
    __aeabi_memset8                          0x08000273   Thumb Code     0  memseta.o(.text)
    __aeabi_memclr                           0x08000281   Thumb Code     4  memseta.o(.text)
    __aeabi_memclr4                          0x08000281   Thumb Code     0  memseta.o(.text)
    __aeabi_memclr8                          0x08000281   Thumb Code     0  memseta.o(.text)
    _memset$wrapper                          0x08000285   Thumb Code    18  memseta.o(.text)
    strlen                                   0x08000297   Thumb Code    14  strlen.o(.text)
    __aeabi_dadd                             0x080002a5   Thumb Code   322  dadd.o(.text)
    __aeabi_dsub                             0x080003e7   Thumb Code     6  dadd.o(.text)
    __aeabi_drsub                            0x080003ed   Thumb Code     6  dadd.o(.text)
    __aeabi_dmul                             0x080003f3   Thumb Code   228  dmul.o(.text)
    __aeabi_ddiv                             0x080004d7   Thumb Code   222  ddiv.o(.text)
    __aeabi_uidiv                            0x080005b5   Thumb Code     0  uidiv.o(.text)
    __aeabi_uidivmod                         0x080005b5   Thumb Code    44  uidiv.o(.text)
    __aeabi_llsl                             0x080005e1   Thumb Code    30  llshl.o(.text)
    _ll_shift_l                              0x080005e1   Thumb Code     0  llshl.o(.text)
    __aeabi_llsr                             0x080005ff   Thumb Code    32  llushr.o(.text)
    _ll_ushift_r                             0x080005ff   Thumb Code     0  llushr.o(.text)
    __aeabi_lasr                             0x0800061f   Thumb Code    36  llsshr.o(.text)
    _ll_sshift_r                             0x0800061f   Thumb Code     0  llsshr.o(.text)
    __I$use$fp                               0x08000643   Thumb Code     0  iusefp.o(.text)
    _double_round                            0x08000643   Thumb Code    30  depilogue.o(.text)
    _double_epilogue                         0x08000661   Thumb Code   156  depilogue.o(.text)
    __aeabi_d2ulz                            0x080006fd   Thumb Code    48  dfixul.o(.text)
    __aeabi_cdrcmple                         0x0800072d   Thumb Code    48  cdrcmple.o(.text)
    __scatterload                            0x0800075d   Thumb Code    28  init.o(.text)
    __scatterload_rt2                        0x0800075d   Thumb Code     0  init.o(.text)
    Basic_int_abs                            0x08000781   Thumb Code    10  basic.o(.text.Basic_int_abs)
    Begin_action_one                         0x0800078d   Thumb Code    12  basic_action.o(.text.Begin_action_one)
    BusFault_Handler                         0x08000799   Thumb Code     2  stm32f4xx_it.o(.text.BusFault_Handler)
    CAN1_RX0_IRQHandler                      0x0800079d   Thumb Code    12  stm32f4xx_it.o(.text.CAN1_RX0_IRQHandler)
    CAN1_RX1_IRQHandler                      0x080007a5   Thumb Code    12  stm32f4xx_it.o(.text.CAN1_RX1_IRQHandler)
    CAN2_RX0_IRQHandler                      0x080007ad   Thumb Code    12  stm32f4xx_it.o(.text.CAN2_RX0_IRQHandler)
    CAN2_RX1_IRQHandler                      0x080007b5   Thumb Code    12  stm32f4xx_it.o(.text.CAN2_RX1_IRQHandler)
    Can_start_work                           0x080007bd   Thumb Code    92  can_database.o(.text.Can_start_work)
    Change_dji_loc                           0x08000811   Thumb Code    16  dji_motor.o(.text.Change_dji_loc)
    Change_dji_speed                         0x0800081d   Thumb Code    12  dji_motor.o(.text.Change_dji_speed)
    DebugMon_Handler                         0x08000829   Thumb Code     2  stm32f4xx_it.o(.text.DebugMon_Handler)
    Dji_motor_control                        0x0800082d   Thumb Code   464  dji_motor.o(.text.Dji_motor_control)
    Error_Handler                            0x080009fd   Thumb Code     8  main.o(.text.Error_Handler)
    HAL_CAN_ActivateNotification             0x08000a05   Thumb Code    40  stm32f4xx_hal_can.o(.text.HAL_CAN_ActivateNotification)
    HAL_CAN_AddTxMessage                     0x08000a2d   Thumb Code   162  stm32f4xx_hal_can.o(.text.HAL_CAN_AddTxMessage)
    HAL_CAN_ConfigFilter                     0x08000ad1   Thumb Code   288  stm32f4xx_hal_can.o(.text.HAL_CAN_ConfigFilter)
    HAL_CAN_ErrorCallback                    0x08000bf1   Thumb Code     2  can_database.o(.text.HAL_CAN_ErrorCallback)
    HAL_CAN_GetRxMessage                     0x08000bf3   Thumb Code   274  stm32f4xx_hal_can.o(.text.HAL_CAN_GetRxMessage)
    HAL_CAN_IRQHandler                       0x08000d05   Thumb Code   520  stm32f4xx_hal_can.o(.text.HAL_CAN_IRQHandler)
    HAL_CAN_Init                             0x08000f0d   Thumb Code   252  stm32f4xx_hal_can.o(.text.HAL_CAN_Init)
    HAL_CAN_MspInit                          0x08001009   Thumb Code   260  can.o(.text.HAL_CAN_MspInit)
    HAL_CAN_RxFifo0FullCallback              0x0800110d   Thumb Code     2  stm32f4xx_hal_can.o(.text.HAL_CAN_RxFifo0FullCallback)
    HAL_CAN_RxFifo0MsgPendingCallback        0x08001111   Thumb Code   108  can_database.o(.text.HAL_CAN_RxFifo0MsgPendingCallback)
    HAL_CAN_RxFifo1FullCallback              0x08001179   Thumb Code     2  stm32f4xx_hal_can.o(.text.HAL_CAN_RxFifo1FullCallback)
    HAL_CAN_RxFifo1MsgPendingCallback        0x0800117d   Thumb Code    36  can_database.o(.text.HAL_CAN_RxFifo1MsgPendingCallback)
    HAL_CAN_SleepCallback                    0x080011a1   Thumb Code     2  stm32f4xx_hal_can.o(.text.HAL_CAN_SleepCallback)
    HAL_CAN_Start                            0x080011a3   Thumb Code    88  stm32f4xx_hal_can.o(.text.HAL_CAN_Start)
    HAL_CAN_TxMailbox0AbortCallback          0x080011fb   Thumb Code     2  stm32f4xx_hal_can.o(.text.HAL_CAN_TxMailbox0AbortCallback)
    HAL_CAN_TxMailbox0CompleteCallback       0x080011fd   Thumb Code     2  stm32f4xx_hal_can.o(.text.HAL_CAN_TxMailbox0CompleteCallback)
    HAL_CAN_TxMailbox1AbortCallback          0x080011ff   Thumb Code     2  stm32f4xx_hal_can.o(.text.HAL_CAN_TxMailbox1AbortCallback)
    HAL_CAN_TxMailbox1CompleteCallback       0x08001201   Thumb Code     2  stm32f4xx_hal_can.o(.text.HAL_CAN_TxMailbox1CompleteCallback)
    HAL_CAN_TxMailbox2AbortCallback          0x08001203   Thumb Code     2  stm32f4xx_hal_can.o(.text.HAL_CAN_TxMailbox2AbortCallback)
    HAL_CAN_TxMailbox2CompleteCallback       0x08001205   Thumb Code     2  stm32f4xx_hal_can.o(.text.HAL_CAN_TxMailbox2CompleteCallback)
    HAL_CAN_WakeUpFromRxMsgCallback          0x08001207   Thumb Code     2  stm32f4xx_hal_can.o(.text.HAL_CAN_WakeUpFromRxMsgCallback)
    HAL_DMA_Abort                            0x08001209   Thumb Code   132  stm32f4xx_hal_dma.o(.text.HAL_DMA_Abort)
    HAL_DMA_Abort_IT                         0x0800128d   Thumb Code    36  stm32f4xx_hal_dma.o(.text.HAL_DMA_Abort_IT)
    HAL_GPIO_Init                            0x080012b1   Thumb Code   416  stm32f4xx_hal_gpio.o(.text.HAL_GPIO_Init)
    HAL_GPIO_WritePin                        0x08001451   Thumb Code    10  stm32f4xx_hal_gpio.o(.text.HAL_GPIO_WritePin)
    HAL_GetTick                              0x0800145d   Thumb Code    12  stm32f4xx_hal.o(.text.HAL_GetTick)
    HAL_IncTick                              0x08001465   Thumb Code    16  stm32f4xx_hal.o(.text.HAL_IncTick)
    HAL_Init                                 0x08001471   Thumb Code    52  stm32f4xx_hal.o(.text.HAL_Init)
    HAL_InitTick                             0x080014a5   Thumb Code    64  stm32f4xx_hal.o(.text.HAL_InitTick)
    HAL_MspInit                              0x080014e1   Thumb Code    56  stm32f4xx_hal_msp.o(.text.HAL_MspInit)
    HAL_NVIC_EnableIRQ                       0x08001519   Thumb Code    28  stm32f4xx_hal_cortex.o(.text.HAL_NVIC_EnableIRQ)
    HAL_NVIC_SetPriority                     0x08001535   Thumb Code    92  stm32f4xx_hal_cortex.o(.text.HAL_NVIC_SetPriority)
    HAL_NVIC_SetPriorityGrouping             0x0800158d   Thumb Code    32  stm32f4xx_hal_cortex.o(.text.HAL_NVIC_SetPriorityGrouping)
    HAL_RCC_ClockConfig                      0x080015ad   Thumb Code   308  stm32f4xx_hal_rcc.o(.text.HAL_RCC_ClockConfig)
    HAL_RCC_GetPCLK1Freq                     0x080016dd   Thumb Code    32  stm32f4xx_hal_rcc.o(.text.HAL_RCC_GetPCLK1Freq)
    HAL_RCC_GetPCLK2Freq                     0x080016f1   Thumb Code    32  stm32f4xx_hal_rcc.o(.text.HAL_RCC_GetPCLK2Freq)
    HAL_RCC_GetSysClockFreq                  0x08001711   Thumb Code    96  stm32f4xx_hal_rcc.o(.text.HAL_RCC_GetSysClockFreq)
    HAL_RCC_OscConfig                        0x0800176d   Thumb Code   892  stm32f4xx_hal_rcc_ex.o(.text.HAL_RCC_OscConfig)
    HAL_SYSTICK_Config                       0x08001ae9   Thumb Code    40  stm32f4xx_hal_cortex.o(.text.HAL_SYSTICK_Config)
    HAL_UARTEx_RxEventCallback               0x08001b11   Thumb Code     2  stm32f4xx_hal_uart.o(.text.HAL_UARTEx_RxEventCallback)
    HAL_UART_ErrorCallback                   0x08001b13   Thumb Code     2  stm32f4xx_hal_uart.o(.text.HAL_UART_ErrorCallback)
    HAL_UART_IRQHandler                      0x08001b15   Thumb Code   664  stm32f4xx_hal_uart.o(.text.HAL_UART_IRQHandler)
    HAL_UART_Init                            0x08001dad   Thumb Code    92  stm32f4xx_hal_uart.o(.text.HAL_UART_Init)
    HAL_UART_MspInit                         0x08001e09   Thumb Code   320  usart.o(.text.HAL_UART_MspInit)
    HAL_UART_Receive_IT                      0x08001f3d   Thumb Code    46  stm32f4xx_hal_uart.o(.text.HAL_UART_Receive_IT)
    HAL_UART_RxCpltCallback                  0x08001f6d   Thumb Code    64  debug.o(.text.HAL_UART_RxCpltCallback)
    HAL_UART_Transmit                        0x08001fa9   Thumb Code   182  stm32f4xx_hal_uart.o(.text.HAL_UART_Transmit)
    HAL_UART_TxCpltCallback                  0x0800205f   Thumb Code     2  stm32f4xx_hal_uart.o(.text.HAL_UART_TxCpltCallback)
    HardFault_Handler                        0x08002061   Thumb Code     2  stm32f4xx_it.o(.text.HardFault_Handler)
    MX_CAN1_Init                             0x08002065   Thumb Code    64  can.o(.text.MX_CAN1_Init)
    MX_CAN2_Init                             0x080020a5   Thumb Code    68  can.o(.text.MX_CAN2_Init)
    MX_GPIO_Init                             0x080020e9   Thumb Code   152  gpio.o(.text.MX_GPIO_Init)
    MX_UART7_Init                            0x08002181   Thumb Code    60  usart.o(.text.MX_UART7_Init)
    MX_UART8_Init                            0x080021bd   Thumb Code    60  usart.o(.text.MX_UART8_Init)
    MX_USART6_UART_Init                      0x080021f5   Thumb Code    60  usart.o(.text.MX_USART6_UART_Init)
    MemManage_Handler                        0x08002231   Thumb Code     2  stm32f4xx_it.o(.text.MemManage_Handler)
    NMI_Handler                              0x08002233   Thumb Code     2  stm32f4xx_it.o(.text.NMI_Handler)
    PendSV_Handler                           0x08002235   Thumb Code     2  stm32f4xx_it.o(.text.PendSV_Handler)
    Pid_incremental_cal                      0x08002237   Thumb Code   118  pid.o(.text.Pid_incremental_cal)
    Pid_parameter_init                       0x080022ad   Thumb Code   536  pid.o(.text.Pid_parameter_init)
    SVC_Handler                              0x080024c5   Thumb Code     2  stm32f4xx_it.o(.text.SVC_Handler)
    SysTick_Handler                          0x080024c7   Thumb Code     4  stm32f4xx_it.o(.text.SysTick_Handler)
    SystemClock_Config                       0x080024cd   Thumb Code   164  main.o(.text.SystemClock_Config)
    SystemInit                               0x08002571   Thumb Code    16  system_stm32f4xx.o(.text.SystemInit)
    UART7_IRQHandler                         0x08002581   Thumb Code    12  stm32f4xx_it.o(.text.UART7_IRQHandler)
    UART8_IRQHandler                         0x08002589   Thumb Code    12  stm32f4xx_it.o(.text.UART8_IRQHandler)
    UART_Start_Receive_IT                    0x08002775   Thumb Code    54  stm32f4xx_hal_uart.o(.text.UART_Start_Receive_IT)
    USART6_IRQHandler                        0x08002819   Thumb Code    12  stm32f4xx_it.o(.text.USART6_IRQHandler)
    USART_printf                             0x08002825   Thumb Code    60  usart.o(.text.USART_printf)
    UsageFault_Handler                       0x0800285d   Thumb Code     2  stm32f4xx_it.o(.text.UsageFault_Handler)
    main                                     0x08002871   Thumb Code   100  main.o(.text.main)
    __0vsprintf                              0x080028d5   Thumb Code    30  printfa.o(i.__0vsprintf)
    __1vsprintf                              0x080028d5   Thumb Code     0  printfa.o(i.__0vsprintf)
    __2vsprintf                              0x080028d5   Thumb Code     0  printfa.o(i.__0vsprintf)
    __c89vsprintf                            0x080028d5   Thumb Code     0  printfa.o(i.__0vsprintf)
    vsprintf                                 0x080028d5   Thumb Code     0  printfa.o(i.__0vsprintf)
    __scatterload_copy                       0x080028f9   Thumb Code    14  handlers.o(i.__scatterload_copy)
    __scatterload_null                       0x08002907   Thumb Code     2  handlers.o(i.__scatterload_null)
    __scatterload_zeroinit                   0x08002909   Thumb Code    14  handlers.o(i.__scatterload_zeroinit)
    AHBPrescTable                            0x080031d4   Data          16  system_stm32f4xx.o(.rodata.AHBPrescTable)
    APBPrescTable                            0x080031e4   Data           8  system_stm32f4xx.o(.rodata.APBPrescTable)
    Region$$Table$$Base                      0x080031ec   Number         0  anon$$obj.o(Region$$Table)
    Region$$Table$$Limit                     0x0800320c   Number         0  anon$$obj.o(Region$$Table)
    uwTickFreq                               0x20000000   Data           1  stm32f4xx_hal.o(.data..L_MergedGlobals)
    uwTickPrio                               0x20000004   Data           4  stm32f4xx_hal.o(.data..L_MergedGlobals)
    uwTick                                   0x20000008   Data           4  stm32f4xx_hal.o(.data..L_MergedGlobals)
    SystemCoreClock                          0x2000000c   Data           4  system_stm32f4xx.o(.data.SystemCoreClock)
    hcan1                                    0x200000e4   Data          40  can.o(.bss.hcan1)
    hcan2                                    0x2000010c   Data          40  can.o(.bss.hcan2)
    huart6                                   0x20000134   Data          68  usart.o(.bss.huart6)
    huart7                                   0x20000178   Data          68  usart.o(.bss.huart7)
    huart8                                   0x200001bc   Data          68  usart.o(.bss.huart8)
    motor_pid_g                              0x20000300   Data         640  pid.o(.bss.motor_pid_g)
    recv_data                                0x20000580   Data           1  usart.o(.bss.recv_data)
    time                                     0x200005a4   Data          16  main.o(.bss.time)
    __initial_sp                             0x200009b8   Data           0  startup_stm32f413xx.o(STACK)



==============================================================================

Memory Map of the image

  Image Entry point : 0x080001d9

  Load Region LR_IROM1 (Base: 0x08000000, Size: 0x00003290, Max: 0x00100000, ABSOLUTE)

    Execution Region ER_IROM1 (Exec base: 0x08000000, Load base: 0x08000000, Size: 0x0000320c, Max: 0x00100000, ABSOLUTE)

    Exec Addr    Load Addr    Size         Type   Attr      Idx    E Section Name        Object

    0x08000000   0x08000000   0x000001d8   Data   RO            3    RESET               startup_stm32f413xx.o
    0x080001d8   0x080001d8   0x00000000   Code   RO         1087  * .ARM.Collect$$$$00000000  mc_w.l(entry.o)
    0x080001d8   0x080001d8   0x00000004   Code   RO         1175    .ARM.Collect$$$$00000001  mc_w.l(entry2.o)
    0x080001dc   0x080001dc   0x00000004   Code   RO         1178    .ARM.Collect$$$$00000004  mc_w.l(entry5.o)
    0x080001e0   0x080001e0   0x00000000   Code   RO         1180    .ARM.Collect$$$$00000008  mc_w.l(entry7b.o)
    0x080001e0   0x080001e0   0x00000000   Code   RO         1182    .ARM.Collect$$$$0000000A  mc_w.l(entry8b.o)
    0x080001e0   0x080001e0   0x00000008   Code   RO         1183    .ARM.Collect$$$$0000000B  mc_w.l(entry9a.o)
    0x080001e8   0x080001e8   0x00000000   Code   RO         1185    .ARM.Collect$$$$0000000D  mc_w.l(entry10a.o)
    0x080001e8   0x080001e8   0x00000000   Code   RO         1187    .ARM.Collect$$$$0000000F  mc_w.l(entry11a.o)
    0x080001e8   0x080001e8   0x00000004   Code   RO         1176    .ARM.Collect$$$$00002712  mc_w.l(entry2.o)
    0x080001ec   0x080001ec   0x00000024   Code   RO            4    .text               startup_stm32f413xx.o
    0x08000210   0x08000210   0x00000062   Code   RO         1090    .text               mc_w.l(uldiv.o)
    0x08000272   0x08000272   0x00000024   Code   RO         1094    .text               mc_w.l(memseta.o)
    0x08000296   0x08000296   0x0000000e   Code   RO         1096    .text               mc_w.l(strlen.o)
    0x080002a4   0x080002a4   0x0000014e   Code   RO         1128    .text               mf_w.l(dadd.o)
    0x080003f2   0x080003f2   0x000000e4   Code   RO         1130    .text               mf_w.l(dmul.o)
    0x080004d6   0x080004d6   0x000000de   Code   RO         1132    .text               mf_w.l(ddiv.o)
    0x080005b4   0x080005b4   0x0000002c   Code   RO         1194    .text               mc_w.l(uidiv.o)
    0x080005e0   0x080005e0   0x0000001e   Code   RO         1196    .text               mc_w.l(llshl.o)
    0x080005fe   0x080005fe   0x00000020   Code   RO         1198    .text               mc_w.l(llushr.o)
    0x0800061e   0x0800061e   0x00000024   Code   RO         1200    .text               mc_w.l(llsshr.o)
    0x08000642   0x08000642   0x00000000   Code   RO         1209    .text               mc_w.l(iusefp.o)
    0x08000642   0x08000642   0x000000ba   Code   RO         1212    .text               mf_w.l(depilogue.o)
    0x080006fc   0x080006fc   0x00000030   Code   RO         1220    .text               mf_w.l(dfixul.o)
    0x0800072c   0x0800072c   0x00000030   Code   RO         1222    .text               mf_w.l(cdrcmple.o)
    0x0800075c   0x0800075c   0x00000024   Code   RO         1224    .text               mc_w.l(init.o)
    0x08000780   0x08000780   0x0000000a   Code   RO          911    .text.Basic_int_abs  basic.o
    0x0800078a   0x0800078a   0x00000002   PAD
    0x0800078c   0x0800078c   0x0000000c   Code   RO          891    .text.Begin_action_one  basic_action.o
    0x08000798   0x08000798   0x00000002   Code   RO          106    .text.BusFault_Handler  stm32f4xx_it.o
    0x0800079a   0x0800079a   0x00000002   PAD
    0x0800079c   0x0800079c   0x00000008   Code   RO          118    .text.CAN1_RX0_IRQHandler  stm32f4xx_it.o
    0x080007a4   0x080007a4   0x00000008   Code   RO          120    .text.CAN1_RX1_IRQHandler  stm32f4xx_it.o
    0x080007ac   0x080007ac   0x00000008   Code   RO          122    .text.CAN2_RX0_IRQHandler  stm32f4xx_it.o
    0x080007b4   0x080007b4   0x00000008   Code   RO          124    .text.CAN2_RX1_IRQHandler  stm32f4xx_it.o
    0x080007bc   0x080007bc   0x00000054   Code   RO          840    .text.Can_start_work  can_database.o
    0x08000810   0x08000810   0x0000000c   Code   RO          931    .text.Change_dji_loc  dji_motor.o
    0x0800081c   0x0800081c   0x0000000c   Code   RO          929    .text.Change_dji_speed  dji_motor.o
    0x08000828   0x08000828   0x00000002   Code   RO          112    .text.DebugMon_Handler  stm32f4xx_it.o
    0x0800082a   0x0800082a   0x00000002   PAD
    0x0800082c   0x0800082c   0x000001d0   Code   RO          933    .text.Dji_motor_control  dji_motor.o
    0x080009fc   0x080009fc   0x00000008   Code   RO           15    .text.Error_Handler  main.o
    0x08000a04   0x08000a04   0x00000028   Code   RO          189    .text.HAL_CAN_ActivateNotification  stm32f4xx_hal_can.o
    0x08000a2c   0x08000a2c   0x000000a2   Code   RO          175    .text.HAL_CAN_AddTxMessage  stm32f4xx_hal_can.o
    0x08000ace   0x08000ace   0x00000002   PAD
    0x08000ad0   0x08000ad0   0x00000120   Code   RO          165    .text.HAL_CAN_ConfigFilter  stm32f4xx_hal_can.o
    0x08000bf0   0x08000bf0   0x00000002   Code   RO          846    .text.HAL_CAN_ErrorCallback  can_database.o
    0x08000bf2   0x08000bf2   0x00000112   Code   RO          185    .text.HAL_CAN_GetRxMessage  stm32f4xx_hal_can.o
    0x08000d04   0x08000d04   0x00000208   Code   RO          193    .text.HAL_CAN_IRQHandler  stm32f4xx_hal_can.o
    0x08000f0c   0x08000f0c   0x000000fc   Code   RO          155    .text.HAL_CAN_Init  stm32f4xx_hal_can.o
    0x08001008   0x08001008   0x00000104   Code   RO           56    .text.HAL_CAN_MspInit  can.o
    0x0800110c   0x0800110c   0x00000002   Code   RO          207    .text.HAL_CAN_RxFifo0FullCallback  stm32f4xx_hal_can.o
    0x0800110e   0x0800110e   0x00000002   PAD
    0x08001110   0x08001110   0x00000068   Code   RO          842    .text.HAL_CAN_RxFifo0MsgPendingCallback  can_database.o
    0x08001178   0x08001178   0x00000002   Code   RO          211    .text.HAL_CAN_RxFifo1FullCallback  stm32f4xx_hal_can.o
    0x0800117a   0x0800117a   0x00000002   PAD
    0x0800117c   0x0800117c   0x00000024   Code   RO          844    .text.HAL_CAN_RxFifo1MsgPendingCallback  can_database.o
    0x080011a0   0x080011a0   0x00000002   Code   RO          215    .text.HAL_CAN_SleepCallback  stm32f4xx_hal_can.o
    0x080011a2   0x080011a2   0x00000058   Code   RO          167    .text.HAL_CAN_Start  stm32f4xx_hal_can.o
    0x080011fa   0x080011fa   0x00000002   Code   RO          197    .text.HAL_CAN_TxMailbox0AbortCallback  stm32f4xx_hal_can.o
    0x080011fc   0x080011fc   0x00000002   Code   RO          195    .text.HAL_CAN_TxMailbox0CompleteCallback  stm32f4xx_hal_can.o
    0x080011fe   0x080011fe   0x00000002   Code   RO          201    .text.HAL_CAN_TxMailbox1AbortCallback  stm32f4xx_hal_can.o
    0x08001200   0x08001200   0x00000002   Code   RO          199    .text.HAL_CAN_TxMailbox1CompleteCallback  stm32f4xx_hal_can.o
    0x08001202   0x08001202   0x00000002   Code   RO          205    .text.HAL_CAN_TxMailbox2AbortCallback  stm32f4xx_hal_can.o
    0x08001204   0x08001204   0x00000002   Code   RO          203    .text.HAL_CAN_TxMailbox2CompleteCallback  stm32f4xx_hal_can.o
    0x08001206   0x08001206   0x00000002   Code   RO          217    .text.HAL_CAN_WakeUpFromRxMsgCallback  stm32f4xx_hal_can.o
    0x08001208   0x08001208   0x00000084   Code   RO          442    .text.HAL_DMA_Abort  stm32f4xx_hal_dma.o
    0x0800128c   0x0800128c   0x00000024   Code   RO          444    .text.HAL_DMA_Abort_IT  stm32f4xx_hal_dma.o
    0x080012b0   0x080012b0   0x000001a0   Code   RO          386    .text.HAL_GPIO_Init  stm32f4xx_hal_gpio.o
    0x08001450   0x08001450   0x0000000a   Code   RO          392    .text.HAL_GPIO_WritePin  stm32f4xx_hal_gpio.o
    0x0800145a   0x0800145a   0x00000002   PAD
    0x0800145c   0x0800145c   0x00000008   Code   RO          606    .text.HAL_GetTick   stm32f4xx_hal.o
    0x08001464   0x08001464   0x0000000c   Code   RO          604    .text.HAL_IncTick   stm32f4xx_hal.o
    0x08001470   0x08001470   0x00000034   Code   RO          594    .text.HAL_Init      stm32f4xx_hal.o
    0x080014a4   0x080014a4   0x0000003c   Code   RO          596    .text.HAL_InitTick  stm32f4xx_hal.o
    0x080014e0   0x080014e0   0x00000038   Code   RO          142    .text.HAL_MspInit   stm32f4xx_hal_msp.o
    0x08001518   0x08001518   0x0000001c   Code   RO          549    .text.HAL_NVIC_EnableIRQ  stm32f4xx_hal_cortex.o
    0x08001534   0x08001534   0x00000058   Code   RO          547    .text.HAL_NVIC_SetPriority  stm32f4xx_hal_cortex.o
    0x0800158c   0x0800158c   0x00000020   Code   RO          545    .text.HAL_NVIC_SetPriorityGrouping  stm32f4xx_hal_cortex.o
    0x080015ac   0x080015ac   0x00000130   Code   RO          242    .text.HAL_RCC_ClockConfig  stm32f4xx_hal_rcc.o
    0x080016dc   0x080016dc   0x00000014   Code   RO          254    .text.HAL_RCC_GetPCLK1Freq  stm32f4xx_hal_rcc.o
    0x080016f0   0x080016f0   0x00000020   Code   RO          256    .text.HAL_RCC_GetPCLK2Freq  stm32f4xx_hal_rcc.o
    0x08001710   0x08001710   0x0000005c   Code   RO          244    .text.HAL_RCC_GetSysClockFreq  stm32f4xx_hal_rcc.o
    0x0800176c   0x0800176c   0x0000037c   Code   RO          291    .text.HAL_RCC_OscConfig  stm32f4xx_hal_rcc_ex.o
    0x08001ae8   0x08001ae8   0x00000028   Code   RO          557    .text.HAL_SYSTICK_Config  stm32f4xx_hal_cortex.o
    0x08001b10   0x08001b10   0x00000002   Code   RO          781    .text.HAL_UARTEx_RxEventCallback  stm32f4xx_hal_uart.o
    0x08001b12   0x08001b12   0x00000002   Code   RO          779    .text.HAL_UART_ErrorCallback  stm32f4xx_hal_uart.o
    0x08001b14   0x08001b14   0x00000298   Code   RO          773    .text.HAL_UART_IRQHandler  stm32f4xx_hal_uart.o
    0x08001dac   0x08001dac   0x0000005c   Code   RO          691    .text.HAL_UART_Init  stm32f4xx_hal_uart.o
    0x08001e08   0x08001e08   0x00000134   Code   RO           81    .text.HAL_UART_MspInit  usart.o
    0x08001f3c   0x08001f3c   0x0000002e   Code   RO          715    .text.HAL_UART_Receive_IT  stm32f4xx_hal_uart.o
    0x08001f6a   0x08001f6a   0x00000002   PAD
    0x08001f6c   0x08001f6c   0x0000003c   Code   RO          862    .text.HAL_UART_RxCpltCallback  debug.o
    0x08001fa8   0x08001fa8   0x000000b6   Code   RO          707    .text.HAL_UART_Transmit  stm32f4xx_hal_uart.o
    0x0800205e   0x0800205e   0x00000002   Code   RO          783    .text.HAL_UART_TxCpltCallback  stm32f4xx_hal_uart.o
    0x08002060   0x08002060   0x00000002   Code   RO          102    .text.HardFault_Handler  stm32f4xx_it.o
    0x08002062   0x08002062   0x00000002   PAD
    0x08002064   0x08002064   0x00000040   Code   RO           52    .text.MX_CAN1_Init  can.o
    0x080020a4   0x080020a4   0x00000044   Code   RO           54    .text.MX_CAN2_Init  can.o
    0x080020e8   0x080020e8   0x00000098   Code   RO           39    .text.MX_GPIO_Init  gpio.o
    0x08002180   0x08002180   0x0000003c   Code   RO           75    .text.MX_UART7_Init  usart.o
    0x080021bc   0x080021bc   0x00000038   Code   RO           77    .text.MX_UART8_Init  usart.o
    0x080021f4   0x080021f4   0x0000003c   Code   RO           79    .text.MX_USART6_UART_Init  usart.o
    0x08002230   0x08002230   0x00000002   Code   RO          104    .text.MemManage_Handler  stm32f4xx_it.o
    0x08002232   0x08002232   0x00000002   Code   RO          100    .text.NMI_Handler   stm32f4xx_it.o
    0x08002234   0x08002234   0x00000002   Code   RO          114    .text.PendSV_Handler  stm32f4xx_it.o
    0x08002236   0x08002236   0x00000076   Code   RO          877    .text.Pid_incremental_cal  pid.o
    0x080022ac   0x080022ac   0x00000218   Code   RO          875    .text.Pid_parameter_init  pid.o
    0x080024c4   0x080024c4   0x00000002   Code   RO          110    .text.SVC_Handler   stm32f4xx_it.o
    0x080024c6   0x080024c6   0x00000004   Code   RO          116    .text.SysTick_Handler  stm32f4xx_it.o
    0x080024ca   0x080024ca   0x00000002   PAD
    0x080024cc   0x080024cc   0x000000a4   Code   RO           13    .text.SystemClock_Config  main.o
    0x08002570   0x08002570   0x00000010   Code   RO          820    .text.SystemInit    system_stm32f4xx.o
    0x08002580   0x08002580   0x00000008   Code   RO          128    .text.UART7_IRQHandler  stm32f4xx_it.o
    0x08002588   0x08002588   0x0000000c   Code   RO          130    .text.UART8_IRQHandler  stm32f4xx_it.o
    0x08002594   0x08002594   0x0000000c   Code   RO          777    .text.UART_DMAAbortOnError  stm32f4xx_hal_uart.o
    0x080025a0   0x080025a0   0x0000004e   Code   RO          739    .text.UART_EndRxTransfer  stm32f4xx_hal_uart.o
    0x080025ee   0x080025ee   0x000000ba   Code   RO          775    .text.UART_Receive_IT  stm32f4xx_hal_uart.o
    0x080026a8   0x080026a8   0x000000cc   Code   RO          695    .text.UART_SetConfig  stm32f4xx_hal_uart.o
    0x08002774   0x08002774   0x00000036   Code   RO          717    .text.UART_Start_Receive_IT  stm32f4xx_hal_uart.o
    0x080027aa   0x080027aa   0x0000006e   Code   RO          709    .text.UART_WaitOnFlagUntilTimeout  stm32f4xx_hal_uart.o
    0x08002818   0x08002818   0x0000000c   Code   RO          126    .text.USART6_IRQHandler  stm32f4xx_it.o
    0x08002824   0x08002824   0x00000038   Code   RO           73    .text.USART_printf  usart.o
    0x0800285c   0x0800285c   0x00000002   Code   RO          108    .text.UsageFault_Handler  stm32f4xx_it.o
    0x0800285e   0x0800285e   0x00000002   PAD
    0x08002860   0x08002860   0x00000010   Code   RO          895    .text.change_next   basic_action.o
    0x08002870   0x08002870   0x00000064   Code   RO           11    .text.main          main.o
    0x080028d4   0x080028d4   0x00000024   Code   RO         1107    i.__0vsprintf       mc_w.l(printfa.o)
    0x080028f8   0x080028f8   0x0000000e   Code   RO         1234    i.__scatterload_copy  mc_w.l(handlers.o)
    0x08002906   0x08002906   0x00000002   Code   RO         1235    i.__scatterload_null  mc_w.l(handlers.o)
    0x08002908   0x08002908   0x0000000e   Code   RO         1236    i.__scatterload_zeroinit  mc_w.l(handlers.o)
    0x08002916   0x08002916   0x00000002   PAD
    0x08002918   0x08002918   0x00000184   Code   RO         1108    i._fp_digits        mc_w.l(printfa.o)
    0x08002a9c   0x08002a9c   0x000006dc   Code   RO         1109    i._printf_core      mc_w.l(printfa.o)
    0x08003178   0x08003178   0x00000024   Code   RO         1110    i._printf_post_padding  mc_w.l(printfa.o)
    0x0800319c   0x0800319c   0x0000002e   Code   RO         1111    i._printf_pre_padding  mc_w.l(printfa.o)
    0x080031ca   0x080031ca   0x0000000a   Code   RO         1113    i._sputc            mc_w.l(printfa.o)
    0x080031d4   0x080031d4   0x00000010   Data   RO          825    .rodata.AHBPrescTable  system_stm32f4xx.o
    0x080031e4   0x080031e4   0x00000008   Data   RO          826    .rodata.APBPrescTable  system_stm32f4xx.o
    0x080031ec   0x080031ec   0x00000020   Data   RO         1232    Region$$Table       anon$$obj.o


    Execution Region RW_IRAM1 (Exec base: 0x20000000, Load base: 0x08003210, Size: 0x000009b8, Max: 0x00050000, ABSOLUTE)

    Exec Addr    Load Addr    Size         Type   Attr      Idx    E Section Name        Object

    0x20000000   0x08003210   0x0000000c   Data   RW          648    .data..L_MergedGlobals  stm32f4xx_hal.o
    0x2000000c   0x0800321c   0x00000004   Data   RW          824    .data.SystemCoreClock  system_stm32f4xx.o
    0x20000010   0x08003220   0x00000070   Data   RW          898    .data.action_one_s  basic_action.o
    0x20000080        -       0x00000064   Zero   RW          937    .bss..L_MergedGlobals  dji_motor.o
    0x200000e4        -       0x00000028   Zero   RW           60    .bss.hcan1          can.o
    0x2000010c        -       0x00000028   Zero   RW           61    .bss.hcan2          can.o
    0x20000134        -       0x00000044   Zero   RW           88    .bss.huart6         usart.o
    0x20000178        -       0x00000044   Zero   RW           85    .bss.huart7         usart.o
    0x200001bc        -       0x00000044   Zero   RW           87    .bss.huart8         usart.o
    0x20000200        -       0x00000100   Zero   RW          935    .bss.motor_inf      dji_motor.o
    0x20000300        -       0x00000280   Zero   RW          879    .bss.motor_pid_g    pid.o
    0x20000580        -       0x00000001   Zero   RW           86    .bss.recv_data      usart.o
    0x20000581   0x08003290   0x00000003   PAD
    0x20000584        -       0x00000020   Zero   RW          936    .bss.set_spd_s      dji_motor.o
    0x200005a4        -       0x00000010   Zero   RW           17    .bss.time           main.o
    0x200005b4   0x08003290   0x00000004   PAD
    0x200005b8        -       0x00000400   Zero   RW            1    STACK               startup_stm32f413xx.o


==============================================================================

Image component sizes


      Code (inc. data)   RO Data    RW Data    ZI Data      Debug   Object Name

        10          0          0          0          0        714   basic.o
        28         12          0        112          0       1717   basic_action.o
       392         32          0          0         80       7206   can.o
       226          8          0          0          0       5264   can_database.o
        60          4          0          0          0       3568   debug.o
       488         28          0          0        388       4385   dji_motor.o
       152          8          0          0          0       2527   gpio.o
       272         24          0          0         16       3625   main.o
       654         84          0          0        640       5382   pid.o
        36          8        472          0       1024        808   startup_stm32f413xx.o
       132          8          0         12          0       8415   stm32f4xx_hal.o
      1644         10          0          0          0      13139   stm32f4xx_hal_can.o
       188         24          0          0          0      10763   stm32f4xx_hal_cortex.o
       168          0          0          0          0       8683   stm32f4xx_hal_dma.o
       426         28          0          0          0       5628   stm32f4xx_hal_gpio.o
        56          4          0          0          0       1666   stm32f4xx_hal_msp.o
       448         32          0          0          0       8019   stm32f4xx_hal_rcc.o
       892         16          0          0          0       7960   stm32f4xx_hal_rcc_ex.o
      1634          8          0          0          0      23647   stm32f4xx_hal_uart.o
        84          8          0          0          0       2004   stm32f4xx_it.o
        16          4         24          4          0       2836   system_stm32f4xx.o
       540         28          0          0        205       8778   usart.o

    ----------------------------------------------------------------------
      8568        378        528        128       2360     136734   Object Totals
         0          0         32          0          0          0   (incl. Generated)
        22          0          0          0          7          0   (incl. Padding)

    ----------------------------------------------------------------------

      Code (inc. data)   RO Data    RW Data    ZI Data      Debug   Library Member Name

         0          0          0          0          0          0   entry.o
         0          0          0          0          0          0   entry10a.o
         0          0          0          0          0          0   entry11a.o
         8          4          0          0          0          0   entry2.o
         4          0          0          0          0          0   entry5.o
         0          0          0          0          0          0   entry7b.o
         0          0          0          0          0          0   entry8b.o
         8          4          0          0          0          0   entry9a.o
        30          0          0          0          0          0   handlers.o
        36          8          0          0          0         68   init.o
         0          0          0          0          0          0   iusefp.o
        30          0          0          0          0         68   llshl.o
        36          0          0          0          0         68   llsshr.o
        32          0          0          0          0         68   llushr.o
        36          0          0          0          0        108   memseta.o
      2272         86          0          0          0        516   printfa.o
        14          0          0          0          0         68   strlen.o
        44          0          0          0          0         80   uidiv.o
        98          0          0          0          0         92   uldiv.o
        48          0          0          0          0         68   cdrcmple.o
       334          0          0          0          0        148   dadd.o
       222          0          0          0          0        100   ddiv.o
       186          0          0          0          0        176   depilogue.o
        48          0          0          0          0         68   dfixul.o
       228          0          0          0          0         96   dmul.o

    ----------------------------------------------------------------------
      3716        102          0          0          0       1792   Library Totals
         2          0          0          0          0          0   (incl. Padding)

    ----------------------------------------------------------------------

      Code (inc. data)   RO Data    RW Data    ZI Data      Debug   Library Name

      2648        102          0          0          0       1136   mc_w.l
      1066          0          0          0          0        656   mf_w.l

    ----------------------------------------------------------------------
      3716        102          0          0          0       1792   Library Totals

    ----------------------------------------------------------------------

==============================================================================


      Code (inc. data)   RO Data    RW Data    ZI Data      Debug   

     12284        480        528        128       2360     137526   Grand Totals
     12284        480        528        128       2360     137526   ELF Image Totals
     12284        480        528        128          0          0   ROM Totals

==============================================================================

    Total RO  Size (Code + RO Data)                12812 (  12.51kB)
    Total RW  Size (RW Data + ZI Data)              2488 (   2.43kB)
    Total ROM Size (Code + RO Data + RW Data)      12940 (  12.64kB)

==============================================================================

