<html>
<body>
<pre>
<h1>礦ision Build Log</h1>
<h2>Tool Versions:</h2>
IDE-Version: μVision V5.25.2.0
Copyright (C) 2018 ARM Ltd and ARM Germany GmbH. All rights reserved.
License Information: esfaef 人类高质量男性, wdadq, LIC=BUURY-IKBT8-9UY4U-SGFVI-DBAKD-48EKD
 
Tool Versions:
Toolchain:       MDK-ARM Plus  Version: 5.25.2.0
Toolchain Path:  D:\KEIL v5\ARM\ARMCLANG\Bin
C Compiler:      ArmClang.exe V6.9
Assembler:       Armasm.exe V6.9
Linker/Locator:  ArmLink.exe V6.9
Library Manager: ArmAr.exe V6.9
Hex Converter:   FromElf.exe V6.9
CPU DLL:         SARMCM3.DLL V5.25.2.0
Dialog DLL:      DCM.DLL V1.17.1.0
Target DLL:      Segger\JL2CM3.dll V2.99.29.0
Dialog DLL:      TCM.DLL V1.35.1.0
 
<h2>Project:</h2>
D:\STM 32\11.2\11.2\teamtask\MDK-ARM\DEMO_F413VGT6.uvprojx
Project File Date:  11/05/2023

<h2>Output:</h2>
*** Using Compiler 'V6.9', folder: 'D:\KEIL v5\ARM\ARMCLANG\Bin'
Rebuild target 'DEMO_F413VGT6'
assembling startup_stm32f413xx.s...
compiling stm32f4xx_hal_msp.c...
compiling can.c...
../Core/Src/main.c(38): warning: In file included from...
../Remote\remote.h(6): warning: 'packed' attribute ignored [-Wignored-attributes]
typedef __packed struct
        ^
../Drivers/STM32F4xx_HAL_Driver/Inc/stm32f4xx_hal_def.h(114): note: expanded from macro '__packed'
    #define __packed  __attribute__((packed))
                                     ^
1 warning generated.
compiling main.c...
compiling stm32f4xx_it.c...
compiling gpio.c...
compiling usart.c...
compiling stm32f4xx_hal_can.c...
compiling stm32f4xx_hal_rcc.c...
compiling stm32f4xx_hal_rcc_ex.c...
compiling stm32f4xx_hal_flash_ex.c...
compiling stm32f4xx_hal_gpio.c...
compiling stm32f4xx_hal_flash.c...
compiling stm32f4xx_hal_dma_ex.c...
compiling stm32f4xx_hal_flash_ramfunc.c...
compiling stm32f4xx_hal_exti.c...
compiling stm32f4xx_hal_cortex.c...
compiling stm32f4xx_hal_tim.c...
compiling stm32f4xx_hal_pwr.c...
compiling stm32f4xx_hal_dma.c...
compiling stm32f4xx_hal.c...
compiling stm32f4xx_hal_pwr_ex.c...
compiling pid.c...
compiling system_stm32f4xx.c...
compiling can_database.c...
compiling stm32f4xx_hal_tim_ex.c...
compiling stm32f4xx_hal_uart.c...
compiling basic_action.c...
compiling debug.c...
compiling basic.c...
compiling bezier.c...
compiling calculate_angle.c...
compiling pan.c...
compiling angle.c...
compiling vesc.c...
compiling dji_motor.c...
compiling get_abs.c...
../Remote/remote.c(3): warning: In file included from...
../Remote/remote.h(6): warning: 'packed' attribute ignored [-Wignored-attributes]
typedef __packed struct
        ^
../Drivers/STM32F4xx_HAL_Driver/Inc/stm32f4xx_hal_def.h(114): note: expanded from macro '__packed'
    #define __packed  __attribute__((packed))
                                     ^
../Remote/remote.c(33): warning: comparison of unsigned expression < 0 is always false [-Wtautological-unsigned-zero-compare]
                                rc->sw1<0||
                                ~~~~~~~^~
../Remote/remote.c(34): warning: comparison of unsigned expression < 0 is always false [-Wtautological-unsigned-zero-compare]
                                rc->sw2<0)
                                ~~~~~~~^~
3 warnings generated.
compiling remote.c...
compiling task1.c...
linking...
Program Size: Code=12424 RO-data=528 RW-data=128 ZI-data=2360  
FromELF: creating hex file...
"DEMO_F413VGT6\DEMO_F413VGT6.axf" - 0 Error(s), 4 Warning(s).

<h2>Software Packages used:</h2>

Package Vendor: ARM
                http://www.keil.com/pack/ARM.CMSIS.5.3.0.pack
                ARM.CMSIS.5.3.0
                CMSIS (Cortex Microcontroller Software Interface Standard)
   * Component: CORE Version: 5.1.1

Package Vendor: Keil
                http://www.keil.com/pack/Keil.STM32F4xx_DFP.2.14.0.pack
                Keil.STM32F4xx_DFP.2.14.0
                STMicroelectronics STM32F4 Series Device Support, Drivers and Examples

<h2>Collection of Component include folders:</h2>
  .\RTE\_DEMO_F413VGT6
  D:\KEIL v5\ARM\PACK\ARM\CMSIS\5.3.0\CMSIS\Include
  D:\KEIL v5\ARM\PACK\Keil\STM32F4xx_DFP\2.14.0\Drivers\CMSIS\Device\ST\STM32F4xx\Include

<h2>Collection of Component Files used:</h2>

   * Component: ARM::CMSIS:CORE:5.1.1
Build Time Elapsed:  00:00:13
</pre>
</body>
</html>
